+ FAILS=0
+ adb shell settings put global hide_error_dialogs 1
+ adb shell settings put global anr_show_background 0
+ adb shell 'while [ "$(getprop sys.boot_completed)" != "1" ]; do sleep 2; done'
+ sleep 20
+ adb install -r -g app/build/outputs/apk/release/app-release.apk
Performing Streamed Install
Success
+ check 'app is not debuggable' '! adb shell dumpsys package com.screentranslate.app | grep -q '\''flags=.*DEBUGGABLE'\'''
+ eval '! adb shell dumpsys package com.screentranslate.app | grep -q '\''flags=.*DEBUGGABLE'\'''
++ adb shell dumpsys package com.screentranslate.app
++ grep -q 'flags=.*DEBUGGABLE'
+ echo 'PASS: app is not debuggable'
PASS: app is not debuggable
+ check 'usage-statistics uploader removed' '! adb shell dumpsys package com.screentranslate.app | grep -q '\''TransportBackendDiscovery'\'''
+ eval '! adb shell dumpsys package com.screentranslate.app | grep -q '\''TransportBackendDiscovery'\'''
++ adb shell dumpsys package com.screentranslate.app
++ grep -q TransportBackendDiscovery
+ echo 'PASS: usage-statistics uploader removed'
PASS: usage-statistics uploader removed
+ check 'no cleartext traffic allowed' '! adb shell dumpsys package com.screentranslate.app | grep -q '\''flags=.*USES_CLEARTEXT_TRAFFIC'\'''
+ eval '! adb shell dumpsys package com.screentranslate.app | grep -q '\''flags=.*USES_CLEARTEXT_TRAFFIC'\'''
++ adb shell dumpsys package com.screentranslate.app
++ grep -q 'flags=.*USES_CLEARTEXT_TRAFFIC'
+ echo 'PASS: no cleartext traffic allowed'
PASS: no cleartext traffic allowed
+ adb shell appops set com.screentranslate.app SYSTEM_ALERT_WINDOW allow
+ adb shell appops set com.screentranslate.app PROJECT_MEDIA allow
+ adb shell 'echo "chrome --disable-fre --no-default-browser-check --no-first-run" > /data/local/tmp/chrome-command-line'
+ adb shell am set-debug-app --persistent com.android.chrome
+ SERVER=3525
+ adb reverse tcp:8000 tcp:8000
+ nohup python3 -m http.server 8000 --directory ci/pages
8000
+ adb logcat -c
+ adb shell am start -n com.screentranslate.app/.ui.MainActivity
Starting: Intent { cmp=com.screentranslate.app/.ui.MainActivity }
+ sleep 8
+ shot 01-home
+ adb exec-out screencap -p
+ tap_text 'START SCREEN TRANSLATOR'
+ dismiss_dialogs
+ adb shell uiautomator dump /sdcard/ui.xml
+ adb pull /sdcard/ui.xml /tmp/ui.xml
+ grep -q 't responding' /tmp/ui.xml
+ adb shell uiautomator dump /sdcard/ui.xml
+ adb pull /sdcard/ui.xml /tmp/ui.xml
++ python3 - 'START SCREEN TRANSLATOR'
+ xy='540 1082'
+ '[' -n '540 1082' ']'
+ adb shell input tap 540 1082
+ echo 'tapped '\''START SCREEN TRANSLATOR'\'' at 540 1082'
tapped 'START SCREEN TRANSLATOR' at 540 1082
+ return 0
+ sleep 3
+ shot 02-onboarding-capture
+ adb exec-out screencap -p
+ tap_text 'Allow screen capture'
+ dismiss_dialogs
+ adb shell uiautomator dump /sdcard/ui.xml
+ adb pull /sdcard/ui.xml /tmp/ui.xml
+ grep -q 't responding' /tmp/ui.xml
+ adb shell uiautomator dump /sdcard/ui.xml
+ adb pull /sdcard/ui.xml /tmp/ui.xml
++ python3 - 'Allow screen capture'
+ xy='540 1359'
+ '[' -n '540 1359' ']'
+ adb shell input tap 540 1359
+ echo 'tapped '\''Allow screen capture'\'' at 540 1359'
tapped 'Allow screen capture' at 540 1359
+ return 0
+ sleep 6
+ shot 03-after-consent
+ adb exec-out screencap -p
+ tap_text 'Start now'
+ dismiss_dialogs
+ adb shell uiautomator dump /sdcard/ui.xml
+ adb pull /sdcard/ui.xml /tmp/ui.xml
+ grep -q 't responding' /tmp/ui.xml
+ adb shell uiautomator dump /sdcard/ui.xml
+ adb pull /sdcard/ui.xml /tmp/ui.xml
++ python3 - 'Start now'
+ xy=
+ '[' -n '' ']'
+ echo 'text '\''Start now'\'' not found'
text 'Start now' not found
+ return 1
+ check 'foreground service running' 'adb shell dumpsys activity services com.screentranslate.app | grep -q '\''isForeground=true'\'''
+ eval 'adb shell dumpsys activity services com.screentranslate.app | grep -q '\''isForeground=true'\'''
++ adb shell dumpsys activity services com.screentranslate.app
++ grep -q isForeground=true
+ echo 'PASS: foreground service running'
PASS: foreground service running
+ check 'bubble shown' 'applog | grep -q '\''UI_BOUNDS bubble'\'''
+ eval 'applog | grep -q '\''UI_BOUNDS bubble'\'''
++ applog
++ adb logcat -d -s ScreenTranslate:D
++ grep -q 'UI_BOUNDS bubble'
+ echo 'PASS: bubble shown'
PASS: bubble shown
+ open_page ru.html
+ adb shell am start -a android.intent.action.VIEW -d http://localhost:8000/ru.html com.android.chrome
+ sleep 7
+ tap_text 'No thanks'
+ dismiss_dialogs
+ adb shell uiautomator dump /sdcard/ui.xml
+ adb pull /sdcard/ui.xml /tmp/ui.xml
+ grep -q 't responding' /tmp/ui.xml
+ adb shell uiautomator dump /sdcard/ui.xml
+ adb pull /sdcard/ui.xml /tmp/ui.xml
++ python3 - 'No thanks'
+ xy='591 1743'
+ '[' -n '591 1743' ']'
+ adb shell input tap 591 1743
+ echo 'tapped '\''No thanks'\'' at 591 1743'
tapped 'No thanks' at 591 1743
+ return 0
+ tap_text 'Got it'
+ dismiss_dialogs
+ adb shell uiautomator dump /sdcard/ui.xml
+ adb pull /sdcard/ui.xml /tmp/ui.xml
+ grep -q 't responding' /tmp/ui.xml
+ adb shell uiautomator dump /sdcard/ui.xml
+ adb pull /sdcard/ui.xml /tmp/ui.xml
++ python3 - 'Got it'
+ xy=
+ '[' -n '' ']'
+ echo 'text '\''Got it'\'' not found'
text 'Got it' not found
+ return 1
+ sleep 1
+ shot 10-page-ru
+ adb exec-out screencap -p
++ shown_count
++ applog
++ adb logcat -d -s ScreenTranslate:D
++ grep -c 'Shown .* translated blocks'
+ n=0
+ tap_ui bubble
+ dismiss_dialogs
+ adb shell uiautomator dump /sdcard/ui.xml
+ adb pull /sdcard/ui.xml /tmp/ui.xml
+ grep -q 't responding' /tmp/ui.xml
++ applog
++ adb logcat -d -s ScreenTranslate:D
++ grep 'UI_BOUNDS bubble '
++ tail -1
++ awk '{print $(NF-1), $NF}'
+ xy='985 913'
+ '[' -n '985 913' ']'
+ adb shell input tap 985 913
+ echo 'tapped ui '\''bubble'\'' at 985 913'
tapped ui 'bubble' at 985 913
+ return 0
+ check 'ru->ar overlay shown' 'wait_translation 0'
+ eval 'wait_translation 0'
++ wait_translation 0
+++ seq 1 75
++ for i in $(seq 1 75)
+++ shown_count
+++ applog
+++ adb logcat -d -s ScreenTranslate:D
+++ grep -c 'Shown .* translated blocks'
++ '[' 0 -gt 0 ']'
++ sleep 2
++ for i in $(seq 1 75)
+++ shown_count
+++ applog
+++ adb logcat -d -s ScreenTranslate:D
+++ grep -c 'Shown .* translated blocks'
++ '[' 0 -gt 0 ']'
++ sleep 2
++ for i in $(seq 1 75)
+++ shown_count
+++ applog
+++ adb logcat -d -s ScreenTranslate:D
+++ grep -c 'Shown .* translated blocks'
++ '[' 0 -gt 0 ']'
++ sleep 2
++ for i in $(seq 1 75)
+++ shown_count
+++ grep -c 'Shown .* translated blocks'
+++ applog
+++ adb logcat -d -s ScreenTranslate:D
++ '[' 0 -gt 0 ']'
++ sleep 2
++ for i in $(seq 1 75)
+++ shown_count
+++ applog
+++ adb logcat -d -s ScreenTranslate:D
+++ grep -c 'Shown .* translated blocks'
++ '[' 0 -gt 0 ']'
++ sleep 2
++ for i in $(seq 1 75)
+++ shown_count
+++ applog
+++ adb logcat -d -s ScreenTranslate:D
+++ grep -c 'Shown .* translated blocks'
++ '[' 0 -gt 0 ']'
++ sleep 2
++ for i in $(seq 1 75)
+++ shown_count
+++ applog
+++ adb logcat -d -s ScreenTranslate:D
+++ grep -c 'Shown .* translated blocks'
++ '[' 0 -gt 0 ']'
++ sleep 2
++ for i in $(seq 1 75)
+++ shown_count
+++ applog
+++ adb logcat -d -s ScreenTranslate:D
+++ grep -c 'Shown .* translated blocks'
++ '[' 0 -gt 0 ']'
++ sleep 2
++ for i in $(seq 1 75)
+++ shown_count
+++ applog
+++ adb logcat -d -s ScreenTranslate:D
+++ grep -c 'Shown .* translated blocks'
++ '[' 0 -gt 0 ']'
++ sleep 2
++ for i in $(seq 1 75)
+++ shown_count
+++ applog
+++ adb logcat -d -s ScreenTranslate:D
+++ grep -c 'Shown .* translated blocks'
++ '[' 0 -gt 0 ']'
++ sleep 2
++ for i in $(seq 1 75)
+++ shown_count
+++ applog
+++ adb logcat -d -s ScreenTranslate:D
+++ grep -c 'Shown .* translated blocks'
++ '[' 0 -gt 0 ']'
++ sleep 2
++ for i in $(seq 1 75)
+++ shown_count
+++ applog
+++ adb logcat -d -s ScreenTranslate:D
+++ grep -c 'Shown .* translated blocks'
++ '[' 0 -gt 0 ']'
++ sleep 2
++ for i in $(seq 1 75)
+++ shown_count
+++ applog
+++ adb logcat -d -s ScreenTranslate:D
+++ grep -c 'Shown .* translated blocks'
++ '[' 0 -gt 0 ']'
++ sleep 2
++ for i in $(seq 1 75)
+++ shown_count
+++ applog
+++ adb logcat -d -s ScreenTranslate:D
+++ grep -c 'Shown .* translated blocks'
++ '[' 0 -gt 0 ']'
++ sleep 2
++ for i in $(seq 1 75)
+++ shown_count
+++ applog
+++ adb logcat -d -s ScreenTranslate:D
+++ grep -c 'Shown .* translated blocks'
++ '[' 0 -gt 0 ']'
++ sleep 2
++ for i in $(seq 1 75)
+++ shown_count
+++ applog
+++ adb logcat -d -s ScreenTranslate:D
+++ grep -c 'Shown .* translated blocks'
++ '[' 0 -gt 0 ']'
++ sleep 2
++ for i in $(seq 1 75)
+++ shown_count
+++ applog
+++ adb logcat -d -s ScreenTranslate:D
+++ grep -c 'Shown .* translated blocks'
++ '[' 0 -gt 0 ']'
++ sleep 2
++ for i in $(seq 1 75)
+++ shown_count
+++ applog
+++ adb logcat -d -s ScreenTranslate:D
+++ grep -c 'Shown .* translated blocks'
++ '[' 0 -gt 0 ']'
++ sleep 2
++ for i in $(seq 1 75)
+++ shown_count
+++ applog
+++ adb logcat -d -s ScreenTranslate:D
+++ grep -c 'Shown .* translated blocks'
++ '[' 0 -gt 0 ']'
++ sleep 2
++ for i in $(seq 1 75)
+++ shown_count
+++ applog
+++ adb logcat -d -s ScreenTranslate:D
+++ grep -c 'Shown .* translated blocks'
++ '[' 0 -gt 0 ']'
++ sleep 2
++ for i in $(seq 1 75)
+++ shown_count
+++ applog
+++ adb logcat -d -s ScreenTranslate:D
+++ grep -c 'Shown .* translated blocks'
++ '[' 0 -gt 0 ']'
++ sleep 2
++ for i in $(seq 1 75)
+++ shown_count
+++ applog
+++ adb logcat -d -s ScreenTranslate:D
+++ grep -c 'Shown .* translated blocks'
++ '[' 0 -gt 0 ']'
++ sleep 2
++ for i in $(seq 1 75)
+++ shown_count
+++ applog
+++ adb logcat -d -s ScreenTranslate:D
+++ grep -c 'Shown .* translated blocks'
++ '[' 0 -gt 0 ']'
++ sleep 2
++ for i in $(seq 1 75)
+++ shown_count
+++ applog
+++ adb logcat -d -s ScreenTranslate:D
+++ grep -c 'Shown .* translated blocks'
++ '[' 0 -gt 0 ']'
++ sleep 2
++ for i in $(seq 1 75)
+++ shown_count
+++ applog
+++ adb logcat -d -s ScreenTranslate:D
+++ grep -c 'Shown .* translated blocks'
++ '[' 0 -gt 0 ']'
++ sleep 2
++ for i in $(seq 1 75)
+++ shown_count
+++ applog
+++ adb logcat -d -s ScreenTranslate:D
+++ grep -c 'Shown .* translated blocks'
++ '[' 0 -gt 0 ']'
++ sleep 2
++ for i in $(seq 1 75)
+++ shown_count
+++ applog
+++ adb logcat -d -s ScreenTranslate:D
+++ grep -c 'Shown .* translated blocks'
++ '[' 0 -gt 0 ']'
++ sleep 2
++ for i in $(seq 1 75)
+++ shown_count
+++ applog
+++ adb logcat -d -s ScreenTranslate:D
+++ grep -c 'Shown .* translated blocks'
++ '[' 0 -gt 0 ']'
++ sleep 2
++ for i in $(seq 1 75)
+++ shown_count
+++ applog
+++ adb logcat -d -s ScreenTranslate:D
+++ grep -c 'Shown .* translated blocks'
++ '[' 0 -gt 0 ']'
++ sleep 2
++ for i in $(seq 1 75)
+++ shown_count
+++ applog
+++ adb logcat -d -s ScreenTranslate:D
+++ grep -c 'Shown .* translated blocks'
++ '[' 0 -gt 0 ']'
++ sleep 2
++ for i in $(seq 1 75)
+++ shown_count
+++ applog
+++ adb logcat -d -s ScreenTranslate:D
+++ grep -c 'Shown .* translated blocks'
++ '[' 0 -gt 0 ']'
++ sleep 2
++ for i in $(seq 1 75)
+++ shown_count
+++ applog
+++ adb logcat -d -s ScreenTranslate:D
+++ grep -c 'Shown .* translated blocks'
++ '[' 0 -gt 0 ']'
++ sleep 2
++ for i in $(seq 1 75)
+++ shown_count
+++ applog
+++ adb logcat -d -s ScreenTranslate:D
+++ grep -c 'Shown .* translated blocks'
++ '[' 0 -gt 0 ']'
++ sleep 2
++ for i in $(seq 1 75)
+++ shown_count
+++ applog
+++ adb logcat -d -s ScreenTranslate:D
+++ grep -c 'Shown .* translated blocks'
++ '[' 0 -gt 0 ']'
++ sleep 2
++ for i in $(seq 1 75)
+++ shown_count
+++ applog
+++ adb logcat -d -s ScreenTranslate:D
+++ grep -c 'Shown .* translated blocks'
++ '[' 0 -gt 0 ']'
++ sleep 2
++ for i in $(seq 1 75)
+++ shown_count
+++ applog
+++ adb logcat -d -s ScreenTranslate:D
+++ grep -c 'Shown .* translated blocks'
++ '[' 0 -gt 0 ']'
++ sleep 2
++ for i in $(seq 1 75)
+++ shown_count
+++ applog
+++ adb logcat -d -s ScreenTranslate:D
+++ grep -c 'Shown .* translated blocks'
++ '[' 0 -gt 0 ']'
++ sleep 2
++ for i in $(seq 1 75)
+++ shown_count
+++ applog
+++ adb logcat -d -s ScreenTranslate:D
+++ grep -c 'Shown .* translated blocks'
++ '[' 0 -gt 0 ']'
++ sleep 2
++ for i in $(seq 1 75)
+++ shown_count
+++ applog
+++ adb logcat -d -s ScreenTranslate:D
+++ grep -c 'Shown .* translated blocks'
++ '[' 0 -gt 0 ']'
++ sleep 2
++ for i in $(seq 1 75)
+++ shown_count
+++ applog
+++ adb logcat -d -s ScreenTranslate:D
+++ grep -c 'Shown .* translated blocks'
++ '[' 0 -gt 0 ']'
++ sleep 2
++ for i in $(seq 1 75)
+++ shown_count
+++ applog
+++ adb logcat -d -s ScreenTranslate:D
+++ grep -c 'Shown .* translated blocks'
++ '[' 0 -gt 0 ']'
++ sleep 2
++ for i in $(seq 1 75)
+++ shown_count
+++ applog
+++ adb logcat -d -s ScreenTranslate:D
+++ grep -c 'Shown .* translated blocks'
++ '[' 0 -gt 0 ']'
++ sleep 2
++ for i in $(seq 1 75)
+++ shown_count
+++ applog
+++ adb logcat -d -s ScreenTranslate:D
+++ grep -c 'Shown .* translated blocks'
++ '[' 0 -gt 0 ']'
++ sleep 2
++ for i in $(seq 1 75)
+++ shown_count
+++ applog
+++ adb logcat -d -s ScreenTranslate:D
+++ grep -c 'Shown .* translated blocks'
++ '[' 0 -gt 0 ']'
++ sleep 2
++ for i in $(seq 1 75)
+++ shown_count
+++ applog
+++ adb logcat -d -s ScreenTranslate:D
+++ grep -c 'Shown .* translated blocks'
++ '[' 0 -gt 0 ']'
++ sleep 2
++ for i in $(seq 1 75)
+++ shown_count
+++ applog
+++ adb logcat -d -s ScreenTranslate:D
+++ grep -c 'Shown .* translated blocks'
++ '[' 0 -gt 0 ']'
++ sleep 2
++ for i in $(seq 1 75)
+++ shown_count
+++ applog
+++ adb logcat -d -s ScreenTranslate:D
+++ grep -c 'Shown .* translated blocks'
++ '[' 0 -gt 0 ']'
++ sleep 2
++ for i in $(seq 1 75)
+++ shown_count
+++ applog
+++ adb logcat -d -s ScreenTranslate:D
+++ grep -c 'Shown .* translated blocks'
++ '[' 0 -gt 0 ']'
++ sleep 2
++ for i in $(seq 1 75)
+++ shown_count
+++ applog
+++ adb logcat -d -s ScreenTranslate:D
+++ grep -c 'Shown .* translated blocks'
++ '[' 0 -gt 0 ']'
++ sleep 2
++ for i in $(seq 1 75)
+++ shown_count
+++ applog
+++ adb logcat -d -s ScreenTranslate:D
+++ grep -c 'Shown .* translated blocks'
++ '[' 0 -gt 0 ']'
++ sleep 2
++ for i in $(seq 1 75)
+++ shown_count
+++ applog
+++ adb logcat -d -s ScreenTranslate:D
+++ grep -c 'Shown .* translated blocks'
++ '[' 0 -gt 0 ']'
++ sleep 2
++ for i in $(seq 1 75)
+++ shown_count
+++ applog
+++ adb logcat -d -s ScreenTranslate:D
+++ grep -c 'Shown .* translated blocks'
++ '[' 0 -gt 0 ']'
++ sleep 2
++ for i in $(seq 1 75)
+++ shown_count
+++ applog
+++ adb logcat -d -s ScreenTranslate:D
+++ grep -c 'Shown .* translated blocks'
++ '[' 0 -gt 0 ']'
++ sleep 2
++ for i in $(seq 1 75)
+++ shown_count
+++ applog
+++ adb logcat -d -s ScreenTranslate:D
+++ grep -c 'Shown .* translated blocks'
++ '[' 0 -gt 0 ']'
++ sleep 2
++ for i in $(seq 1 75)
+++ shown_count
+++ applog
+++ adb logcat -d -s ScreenTranslate:D
+++ grep -c 'Shown .* translated blocks'
++ '[' 0 -gt 0 ']'
++ sleep 2
++ for i in $(seq 1 75)
+++ shown_count
+++ applog
+++ adb logcat -d -s ScreenTranslate:D
+++ grep -c 'Shown .* translated blocks'
++ '[' 0 -gt 0 ']'
++ sleep 2
++ for i in $(seq 1 75)
+++ shown_count
+++ grep -c 'Shown .* translated blocks'
+++ applog
+++ adb logcat -d -s ScreenTranslate:D
++ '[' 0 -gt 0 ']'
++ sleep 2
++ for i in $(seq 1 75)
+++ shown_count
+++ applog
+++ adb logcat -d -s ScreenTranslate:D
+++ grep -c 'Shown .* translated blocks'
++ '[' 0 -gt 0 ']'
++ sleep 2
++ for i in $(seq 1 75)
+++ shown_count
+++ applog
+++ adb logcat -d -s ScreenTranslate:D
+++ grep -c 'Shown .* translated blocks'
++ '[' 0 -gt 0 ']'
++ sleep 2
++ for i in $(seq 1 75)
+++ shown_count
+++ applog
+++ adb logcat -d -s ScreenTranslate:D
+++ grep -c 'Shown .* translated blocks'
++ '[' 0 -gt 0 ']'
++ sleep 2
++ for i in $(seq 1 75)
+++ shown_count
+++ applog
+++ adb logcat -d -s ScreenTranslate:D
+++ grep -c 'Shown .* translated blocks'
++ '[' 0 -gt 0 ']'
++ sleep 2
++ for i in $(seq 1 75)
+++ shown_count
+++ applog
+++ adb logcat -d -s ScreenTranslate:D
+++ grep -c 'Shown .* translated blocks'
++ '[' 0 -gt 0 ']'
++ sleep 2
++ for i in $(seq 1 75)
+++ shown_count
+++ applog
+++ adb logcat -d -s ScreenTranslate:D
+++ grep -c 'Shown .* translated blocks'
++ '[' 0 -gt 0 ']'
++ sleep 2
++ for i in $(seq 1 75)
+++ shown_count
+++ applog
+++ adb logcat -d -s ScreenTranslate:D
+++ grep -c 'Shown .* translated blocks'
++ '[' 0 -gt 0 ']'
++ sleep 2
++ for i in $(seq 1 75)
+++ shown_count
+++ grep -c 'Shown .* translated blocks'
+++ applog
+++ adb logcat -d -s ScreenTranslate:D
++ '[' 0 -gt 0 ']'
++ sleep 2
++ for i in $(seq 1 75)
+++ shown_count
+++ applog
+++ adb logcat -d -s ScreenTranslate:D
+++ grep -c 'Shown .* translated blocks'
++ '[' 0 -gt 0 ']'
++ sleep 2
++ for i in $(seq 1 75)
+++ shown_count
+++ applog
+++ adb logcat -d -s ScreenTranslate:D
+++ grep -c 'Shown .* translated blocks'
++ '[' 0 -gt 0 ']'
++ sleep 2
++ for i in $(seq 1 75)
+++ shown_count
+++ applog
+++ adb logcat -d -s ScreenTranslate:D
+++ grep -c 'Shown .* translated blocks'
++ '[' 0 -gt 0 ']'
++ sleep 2
++ for i in $(seq 1 75)
+++ shown_count
+++ applog
+++ adb logcat -d -s ScreenTranslate:D
+++ grep -c 'Shown .* translated blocks'
++ '[' 0 -gt 0 ']'
++ sleep 2
++ for i in $(seq 1 75)
+++ shown_count
+++ applog
+++ adb logcat -d -s ScreenTranslate:D
+++ grep -c 'Shown .* translated blocks'
++ '[' 0 -gt 0 ']'
++ sleep 2
++ for i in $(seq 1 75)
+++ shown_count
+++ applog
+++ adb logcat -d -s ScreenTranslate:D
+++ grep -c 'Shown .* translated blocks'
++ '[' 0 -gt 0 ']'
++ sleep 2
++ for i in $(seq 1 75)
+++ shown_count
+++ applog
+++ adb logcat -d -s ScreenTranslate:D
+++ grep -c 'Shown .* translated blocks'
++ '[' 0 -gt 0 ']'
++ sleep 2
++ for i in $(seq 1 75)
+++ shown_count
+++ applog
+++ grep -c 'Shown .* translated blocks'
+++ adb logcat -d -s ScreenTranslate:D
++ '[' 0 -gt 0 ']'
++ sleep 2
++ for i in $(seq 1 75)
+++ shown_count
+++ applog
+++ adb logcat -d -s ScreenTranslate:D
+++ grep -c 'Shown .* translated blocks'
++ '[' 0 -gt 0 ']'
++ sleep 2
++ for i in $(seq 1 75)
+++ shown_count
+++ applog
+++ adb logcat -d -s ScreenTranslate:D
+++ grep -c 'Shown .* translated blocks'
++ '[' 0 -gt 0 ']'
++ sleep 2
++ return 1
+ echo 'FAIL: ru->ar overlay shown'
FAIL: ru->ar overlay shown
+ FAILS=1
+ sleep 2
+ shot 11-ru-to-ar
+ adb exec-out screencap -p
+ tap_ui 'Show original or translation'
+ dismiss_dialogs
+ adb shell uiautomator dump /sdcard/ui.xml
+ adb pull /sdcard/ui.xml /tmp/ui.xml
+ grep -q 't responding' /tmp/ui.xml
++ applog
++ adb logcat -d -s ScreenTranslate:D
++ grep 'UI_BOUNDS Show original or translation '
++ tail -1
++ awk '{print $(NF-1), $NF}'
+ xy=
+ '[' -n '' ']'
+ echo 'ui '\''Show original or translation'\'' not found'
ui 'Show original or translation' not found
+ return 1
+ sleep 2
+ shot 12-original
+ adb exec-out screencap -p
+ tap_ui 'Show original or translation'
+ dismiss_dialogs
+ adb shell uiautomator dump /sdcard/ui.xml
+ adb pull /sdcard/ui.xml /tmp/ui.xml
+ grep -q 't responding' /tmp/ui.xml
++ applog
++ adb logcat -d -s ScreenTranslate:D
++ grep 'UI_BOUNDS Show original or translation '
++ tail -1
++ awk '{print $(NF-1), $NF}'
+ xy=
+ '[' -n '' ']'
+ echo 'ui '\''Show original or translation'\'' not found'
ui 'Show original or translation' not found
+ return 1
+ sleep 2
+ shot 13-translation-again
+ adb exec-out screencap -p
++ shown_count
++ applog
++ adb logcat -d -s ScreenTranslate:D
++ grep -c 'Shown .* translated blocks'
+ n=0
+ tap_ui 'Translate again'
+ dismiss_dialogs
+ adb shell uiautomator dump /sdcard/ui.xml
+ adb pull /sdcard/ui.xml /tmp/ui.xml
+ grep -q 't responding' /tmp/ui.xml
++ applog
++ adb logcat -d -s ScreenTranslate:D
++ grep 'UI_BOUNDS Translate again '
++ tail -1
++ awk '{print $(NF-1), $NF}'
+ xy=
+ '[' -n '' ']'
+ echo 'ui '\''Translate again'\'' not found'
ui 'Translate again' not found
+ return 1
+ check 'translate again' 'wait_translation 0'
+ eval 'wait_translation 0'
++ wait_translation 0
+++ seq 1 75
++ for i in $(seq 1 75)
+++ shown_count
+++ applog
+++ adb logcat -d -s ScreenTranslate:D
+++ grep -c 'Shown .* translated blocks'
++ '[' 0 -gt 0 ']'
++ sleep 2
++ for i in $(seq 1 75)
+++ shown_count
+++ applog
+++ adb logcat -d -s ScreenTranslate:D
+++ grep -c 'Shown .* translated blocks'
++ '[' 0 -gt 0 ']'
++ sleep 2
++ for i in $(seq 1 75)
+++ shown_count
+++ applog
+++ adb logcat -d -s ScreenTranslate:D
+++ grep -c 'Shown .* translated blocks'
++ '[' 0 -gt 0 ']'
++ sleep 2
++ for i in $(seq 1 75)
+++ shown_count
+++ applog
+++ adb logcat -d -s ScreenTranslate:D
+++ grep -c 'Shown .* translated blocks'
++ '[' 0 -gt 0 ']'
++ sleep 2
++ for i in $(seq 1 75)
+++ shown_count
+++ applog
+++ adb logcat -d -s ScreenTranslate:D
+++ grep -c 'Shown .* translated blocks'
++ '[' 0 -gt 0 ']'
++ sleep 2
++ for i in $(seq 1 75)
+++ shown_count
+++ applog
+++ adb logcat -d -s ScreenTranslate:D
+++ grep -c 'Shown .* translated blocks'
++ '[' 0 -gt 0 ']'
++ sleep 2
++ for i in $(seq 1 75)
+++ shown_count
+++ applog
+++ adb logcat -d -s ScreenTranslate:D
+++ grep -c 'Shown .* translated blocks'
++ '[' 0 -gt 0 ']'
++ sleep 2
++ for i in $(seq 1 75)
+++ shown_count
+++ applog
+++ adb logcat -d -s ScreenTranslate:D
+++ grep -c 'Shown .* translated blocks'
++ '[' 0 -gt 0 ']'
++ sleep 2
++ for i in $(seq 1 75)
+++ shown_count
+++ applog
+++ adb logcat -d -s ScreenTranslate:D
+++ grep -c 'Shown .* translated blocks'
++ '[' 0 -gt 0 ']'
++ sleep 2
++ for i in $(seq 1 75)
+++ shown_count
+++ applog
+++ adb logcat -d -s ScreenTranslate:D
+++ grep -c 'Shown .* translated blocks'
++ '[' 0 -gt 0 ']'
++ sleep 2
++ for i in $(seq 1 75)
+++ shown_count
+++ applog
+++ adb logcat -d -s ScreenTranslate:D
+++ grep -c 'Shown .* translated blocks'
++ '[' 0 -gt 0 ']'
++ sleep 2
++ for i in $(seq 1 75)
+++ shown_count
+++ applog
+++ adb logcat -d -s ScreenTranslate:D
+++ grep -c 'Shown .* translated blocks'
++ '[' 0 -gt 0 ']'
++ sleep 2
++ for i in $(seq 1 75)
+++ shown_count
+++ applog
+++ adb logcat -d -s ScreenTranslate:D
+++ grep -c 'Shown .* translated blocks'
++ '[' 0 -gt 0 ']'
++ sleep 2
++ for i in $(seq 1 75)
+++ shown_count
+++ applog
+++ grep -c 'Shown .* translated blocks'
+++ adb logcat -d -s ScreenTranslate:D
++ '[' 0 -gt 0 ']'
++ sleep 2
++ for i in $(seq 1 75)
+++ shown_count
+++ applog
+++ adb logcat -d -s ScreenTranslate:D
+++ grep -c 'Shown .* translated blocks'
++ '[' 0 -gt 0 ']'
++ sleep 2
++ for i in $(seq 1 75)
+++ shown_count
+++ applog
+++ adb logcat -d -s ScreenTranslate:D
+++ grep -c 'Shown .* translated blocks'
++ '[' 0 -gt 0 ']'
++ sleep 2
++ for i in $(seq 1 75)
+++ shown_count
+++ applog
+++ adb logcat -d -s ScreenTranslate:D
+++ grep -c 'Shown .* translated blocks'
++ '[' 0 -gt 0 ']'
++ sleep 2
++ for i in $(seq 1 75)
+++ shown_count
+++ applog
+++ adb logcat -d -s ScreenTranslate:D
+++ grep -c 'Shown .* translated blocks'
++ '[' 0 -gt 0 ']'
++ sleep 2
++ for i in $(seq 1 75)
+++ shown_count
+++ applog
+++ adb logcat -d -s ScreenTranslate:D
+++ grep -c 'Shown .* translated blocks'
++ '[' 0 -gt 0 ']'
++ sleep 2
++ for i in $(seq 1 75)
+++ shown_count
+++ applog
+++ adb logcat -d -s ScreenTranslate:D
+++ grep -c 'Shown .* translated blocks'
++ '[' 0 -gt 0 ']'
++ sleep 2
++ for i in $(seq 1 75)
+++ shown_count
+++ applog
+++ adb logcat -d -s ScreenTranslate:D
+++ grep -c 'Shown .* translated blocks'
++ '[' 0 -gt 0 ']'
++ sleep 2
++ for i in $(seq 1 75)
+++ shown_count
+++ applog
+++ adb logcat -d -s ScreenTranslate:D
+++ grep -c 'Shown .* translated blocks'
++ '[' 0 -gt 0 ']'
++ sleep 2
++ for i in $(seq 1 75)
+++ shown_count
+++ applog
+++ adb logcat -d -s ScreenTranslate:D
+++ grep -c 'Shown .* translated blocks'
++ '[' 0 -gt 0 ']'
++ sleep 2
++ for i in $(seq 1 75)
+++ shown_count
+++ grep -c 'Shown .* translated blocks'
+++ applog
+++ adb logcat -d -s ScreenTranslate:D
++ '[' 0 -gt 0 ']'
++ sleep 2
++ for i in $(seq 1 75)
+++ shown_count
+++ applog
+++ adb logcat -d -s ScreenTranslate:D
+++ grep -c 'Shown .* translated blocks'
++ '[' 0 -gt 0 ']'
++ sleep 2
++ for i in $(seq 1 75)
+++ shown_count
+++ applog
+++ adb logcat -d -s ScreenTranslate:D
+++ grep -c 'Shown .* translated blocks'
++ '[' 0 -gt 0 ']'
++ sleep 2
++ for i in $(seq 1 75)
+++ shown_count
+++ applog
+++ adb logcat -d -s ScreenTranslate:D
+++ grep -c 'Shown .* translated blocks'
++ '[' 0 -gt 0 ']'
++ sleep 2
++ for i in $(seq 1 75)
+++ shown_count
+++ applog
+++ adb logcat -d -s ScreenTranslate:D
+++ grep -c 'Shown .* translated blocks'
++ '[' 0 -gt 0 ']'
++ sleep 2
++ for i in $(seq 1 75)
+++ shown_count
+++ applog
+++ adb logcat -d -s ScreenTranslate:D
+++ grep -c 'Shown .* translated blocks'
++ '[' 0 -gt 0 ']'
++ sleep 2
++ for i in $(seq 1 75)
+++ shown_count
+++ grep -c 'Shown .* translated blocks'
+++ applog
+++ adb logcat -d -s ScreenTranslate:D
++ '[' 0 -gt 0 ']'
++ sleep 2
++ for i in $(seq 1 75)
+++ shown_count
+++ applog
+++ adb logcat -d -s ScreenTranslate:D
+++ grep -c 'Shown .* translated blocks'
++ '[' 0 -gt 0 ']'
++ sleep 2
++ for i in $(seq 1 75)
+++ shown_count
+++ applog
+++ adb logcat -d -s ScreenTranslate:D
+++ grep -c 'Shown .* translated blocks'
++ '[' 0 -gt 0 ']'
++ sleep 2
++ for i in $(seq 1 75)
+++ shown_count
+++ grep -c 'Shown .* translated blocks'
+++ applog
+++ adb logcat -d -s ScreenTranslate:D
++ '[' 0 -gt 0 ']'
++ sleep 2
++ for i in $(seq 1 75)
+++ shown_count
+++ applog
+++ adb logcat -d -s ScreenTranslate:D
+++ grep -c 'Shown .* translated blocks'
++ '[' 0 -gt 0 ']'
++ sleep 2
++ for i in $(seq 1 75)
+++ shown_count
+++ applog
+++ adb logcat -d -s ScreenTranslate:D
+++ grep -c 'Shown .* translated blocks'
++ '[' 0 -gt 0 ']'
++ sleep 2
++ for i in $(seq 1 75)
+++ shown_count
+++ applog
+++ adb logcat -d -s ScreenTranslate:D
+++ grep -c 'Shown .* translated blocks'
++ '[' 0 -gt 0 ']'
++ sleep 2
++ for i in $(seq 1 75)
+++ shown_count
+++ applog
+++ adb logcat -d -s ScreenTranslate:D
+++ grep -c 'Shown .* translated blocks'
++ '[' 0 -gt 0 ']'
++ sleep 2
++ for i in $(seq 1 75)
+++ shown_count
+++ applog
+++ adb logcat -d -s ScreenTranslate:D
+++ grep -c 'Shown .* translated blocks'
++ '[' 0 -gt 0 ']'
++ sleep 2
++ for i in $(seq 1 75)
+++ shown_count
+++ applog
+++ adb logcat -d -s ScreenTranslate:D
+++ grep -c 'Shown .* translated blocks'
++ '[' 0 -gt 0 ']'
++ sleep 2
++ for i in $(seq 1 75)
+++ shown_count
+++ applog
+++ adb logcat -d -s ScreenTranslate:D
+++ grep -c 'Shown .* translated blocks'
++ '[' 0 -gt 0 ']'
++ sleep 2
++ for i in $(seq 1 75)
+++ shown_count
+++ grep -c 'Shown .* translated blocks'
+++ applog
+++ adb logcat -d -s ScreenTranslate:D
++ '[' 0 -gt 0 ']'
++ sleep 2
++ for i in $(seq 1 75)
+++ shown_count
+++ applog
+++ adb logcat -d -s ScreenTranslate:D
+++ grep -c 'Shown .* translated blocks'
++ '[' 0 -gt 0 ']'
++ sleep 2
++ for i in $(seq 1 75)
+++ shown_count
+++ applog
+++ adb logcat -d -s ScreenTranslate:D
+++ grep -c 'Shown .* translated blocks'
++ '[' 0 -gt 0 ']'
++ sleep 2
++ for i in $(seq 1 75)
+++ shown_count
+++ applog
+++ adb logcat -d -s ScreenTranslate:D
+++ grep -c 'Shown .* translated blocks'
++ '[' 0 -gt 0 ']'
++ sleep 2
++ for i in $(seq 1 75)
+++ shown_count
+++ applog
+++ adb logcat -d -s ScreenTranslate:D
+++ grep -c 'Shown .* translated blocks'
++ '[' 0 -gt 0 ']'
++ sleep 2
++ for i in $(seq 1 75)
+++ shown_count
+++ applog
+++ adb logcat -d -s ScreenTranslate:D
+++ grep -c 'Shown .* translated blocks'
++ '[' 0 -gt 0 ']'
++ sleep 2
++ for i in $(seq 1 75)
+++ shown_count
+++ applog
+++ adb logcat -d -s ScreenTranslate:D
+++ grep -c 'Shown .* translated blocks'
++ '[' 0 -gt 0 ']'
++ sleep 2
++ for i in $(seq 1 75)
+++ shown_count
+++ applog
+++ adb logcat -d -s ScreenTranslate:D
+++ grep -c 'Shown .* translated blocks'
++ '[' 0 -gt 0 ']'
++ sleep 2
++ for i in $(seq 1 75)
+++ shown_count
+++ applog
+++ adb logcat -d -s ScreenTranslate:D
+++ grep -c 'Shown .* translated blocks'
++ '[' 0 -gt 0 ']'
++ sleep 2
++ for i in $(seq 1 75)
+++ shown_count
+++ applog
+++ adb logcat -d -s ScreenTranslate:D
+++ grep -c 'Shown .* translated blocks'
++ '[' 0 -gt 0 ']'
++ sleep 2
++ for i in $(seq 1 75)
+++ shown_count
+++ applog
+++ adb logcat -d -s ScreenTranslate:D
+++ grep -c 'Shown .* translated blocks'
++ '[' 0 -gt 0 ']'
++ sleep 2
++ for i in $(seq 1 75)
+++ shown_count
+++ applog
+++ adb logcat -d -s ScreenTranslate:D
+++ grep -c 'Shown .* translated blocks'
++ '[' 0 -gt 0 ']'
++ sleep 2
++ for i in $(seq 1 75)
+++ shown_count
+++ applog
+++ adb logcat -d -s ScreenTranslate:D
+++ grep -c 'Shown .* translated blocks'
++ '[' 0 -gt 0 ']'
++ sleep 2
++ for i in $(seq 1 75)
+++ shown_count
+++ applog
+++ adb logcat -d -s ScreenTranslate:D
+++ grep -c 'Shown .* translated blocks'
++ '[' 0 -gt 0 ']'
++ sleep 2
++ for i in $(seq 1 75)
+++ shown_count
+++ applog
+++ adb logcat -d -s ScreenTranslate:D
+++ grep -c 'Shown .* translated blocks'
++ '[' 0 -gt 0 ']'
++ sleep 2
++ for i in $(seq 1 75)
+++ shown_count
+++ applog
+++ adb logcat -d -s ScreenTranslate:D
+++ grep -c 'Shown .* translated blocks'
++ '[' 0 -gt 0 ']'
++ sleep 2
++ for i in $(seq 1 75)
+++ shown_count
+++ applog
+++ adb logcat -d -s ScreenTranslate:D
+++ grep -c 'Shown .* translated blocks'
++ '[' 0 -gt 0 ']'
++ sleep 2
++ for i in $(seq 1 75)
+++ shown_count
+++ applog
+++ adb logcat -d -s ScreenTranslate:D
+++ grep -c 'Shown .* translated blocks'
++ '[' 0 -gt 0 ']'
++ sleep 2
++ for i in $(seq 1 75)
+++ shown_count
+++ applog
+++ adb logcat -d -s ScreenTranslate:D
+++ grep -c 'Shown .* translated blocks'
++ '[' 0 -gt 0 ']'
++ sleep 2
++ for i in $(seq 1 75)
+++ shown_count
+++ applog
+++ adb logcat -d -s ScreenTranslate:D
+++ grep -c 'Shown .* translated blocks'
++ '[' 0 -gt 0 ']'
++ sleep 2
++ for i in $(seq 1 75)
+++ shown_count
+++ applog
+++ adb logcat -d -s ScreenTranslate:D
+++ grep -c 'Shown .* translated blocks'
++ '[' 0 -gt 0 ']'
++ sleep 2
++ for i in $(seq 1 75)
+++ shown_count
+++ applog
+++ adb logcat -d -s ScreenTranslate:D
+++ grep -c 'Shown .* translated blocks'
++ '[' 0 -gt 0 ']'
++ sleep 2
++ for i in $(seq 1 75)
+++ shown_count
+++ applog
+++ adb logcat -d -s ScreenTranslate:D
+++ grep -c 'Shown .* translated blocks'
++ '[' 0 -gt 0 ']'
++ sleep 2
++ for i in $(seq 1 75)
+++ shown_count
+++ applog
+++ adb logcat -d -s ScreenTranslate:D
+++ grep -c 'Shown .* translated blocks'
++ '[' 0 -gt 0 ']'
++ sleep 2
++ for i in $(seq 1 75)
+++ shown_count
+++ applog
+++ adb logcat -d -s ScreenTranslate:D
+++ grep -c 'Shown .* translated blocks'
++ '[' 0 -gt 0 ']'
++ sleep 2
++ for i in $(seq 1 75)
+++ shown_count
+++ applog
+++ adb logcat -d -s ScreenTranslate:D
+++ grep -c 'Shown .* translated blocks'
++ '[' 0 -gt 0 ']'
++ sleep 2
++ for i in $(seq 1 75)
+++ shown_count
+++ applog
+++ adb logcat -d -s ScreenTranslate:D
+++ grep -c 'Shown .* translated blocks'
++ '[' 0 -gt 0 ']'
++ sleep 2
++ for i in $(seq 1 75)
+++ shown_count
+++ applog
+++ adb logcat -d -s ScreenTranslate:D
+++ grep -c 'Shown .* translated blocks'
++ '[' 0 -gt 0 ']'
++ sleep 2
++ for i in $(seq 1 75)
+++ shown_count
+++ applog
+++ adb logcat -d -s ScreenTranslate:D
+++ grep -c 'Shown .* translated blocks'
++ '[' 0 -gt 0 ']'
++ sleep 2
++ for i in $(seq 1 75)
+++ shown_count
+++ applog
+++ adb logcat -d -s ScreenTranslate:D
+++ grep -c 'Shown .* translated blocks'
++ '[' 0 -gt 0 ']'
++ sleep 2
++ for i in $(seq 1 75)
+++ shown_count
+++ applog
+++ adb logcat -d -s ScreenTranslate:D
+++ grep -c 'Shown .* translated blocks'
++ '[' 0 -gt 0 ']'
++ sleep 2
++ for i in $(seq 1 75)
+++ shown_count
+++ applog
+++ adb logcat -d -s ScreenTranslate:D
+++ grep -c 'Shown .* translated blocks'
++ '[' 0 -gt 0 ']'
++ sleep 2
++ for i in $(seq 1 75)
+++ shown_count
+++ applog
+++ adb logcat -d -s ScreenTranslate:D
+++ grep -c 'Shown .* translated blocks'
++ '[' 0 -gt 0 ']'
++ sleep 2
++ for i in $(seq 1 75)
+++ shown_count
+++ applog
+++ adb logcat -d -s ScreenTranslate:D
+++ grep -c 'Shown .* translated blocks'
++ '[' 0 -gt 0 ']'
++ sleep 2
++ for i in $(seq 1 75)
+++ shown_count
+++ applog
+++ adb logcat -d -s ScreenTranslate:D
+++ grep -c 'Shown .* translated blocks'
++ '[' 0 -gt 0 ']'
++ sleep 2
++ return 1
+ echo 'FAIL: translate again'
FAIL: translate again
+ FAILS=2
+ sleep 2
+ shot 14-retranslated
+ adb exec-out screencap -p
+ tap_ui 'Close translation'
+ dismiss_dialogs
+ adb shell uiautomator dump /sdcard/ui.xml
+ adb pull /sdcard/ui.xml /tmp/ui.xml
+ grep -q 't responding' /tmp/ui.xml
++ applog
++ adb logcat -d -s ScreenTranslate:D
++ grep 'UI_BOUNDS Close translation '
++ tail -1
++ awk '{print $(NF-1), $NF}'
+ xy=
+ '[' -n '' ']'
+ echo 'ui '\''Close translation'\'' not found'
ui 'Close translation' not found
+ return 1
+ sleep 2
+ shot 15-closed
+ adb exec-out screencap -p
+ open_page ru-chat.html
+ adb shell am start -a android.intent.action.VIEW -d http://localhost:8000/ru-chat.html com.android.chrome
+ sleep 7
+ tap_text 'No thanks'
+ dismiss_dialogs
+ adb shell uiautomator dump /sdcard/ui.xml
+ adb pull /sdcard/ui.xml /tmp/ui.xml
+ grep -q 't responding' /tmp/ui.xml
+ adb shell uiautomator dump /sdcard/ui.xml
+ adb pull /sdcard/ui.xml /tmp/ui.xml
++ python3 - 'No thanks'
+ xy=
+ '[' -n '' ']'
+ echo 'text '\''No thanks'\'' not found'
text 'No thanks' not found
+ return 1
+ tap_text 'Got it'
+ dismiss_dialogs
+ adb shell uiautomator dump /sdcard/ui.xml
+ adb pull /sdcard/ui.xml /tmp/ui.xml
+ grep -q 't responding' /tmp/ui.xml
+ adb shell uiautomator dump /sdcard/ui.xml
+ adb pull /sdcard/ui.xml /tmp/ui.xml
++ python3 - 'Got it'
+ xy=
+ '[' -n '' ']'
+ echo 'text '\''Got it'\'' not found'
text 'Got it' not found
+ return 1
+ sleep 1
+ shot 16-page-ru-chat
+ adb exec-out screencap -p
++ shown_count
++ applog
++ adb logcat -d -s ScreenTranslate:D
++ grep -c 'Shown .* translated blocks'
+ n=0
+ tap_ui bubble
+ dismiss_dialogs
+ adb shell uiautomator dump /sdcard/ui.xml
+ adb pull /sdcard/ui.xml /tmp/ui.xml
+ grep -q 't responding' /tmp/ui.xml
++ applog
++ adb logcat -d -s ScreenTranslate:D
++ tail -1
++ grep 'UI_BOUNDS bubble '
++ awk '{print $(NF-1), $NF}'
+ xy='985 913'
+ '[' -n '985 913' ']'
+ adb shell input tap 985 913
+ echo 'tapped ui '\''bubble'\'' at 985 913'
tapped ui 'bubble' at 985 913
+ return 0
+ check 'ru chat overlay shown' 'wait_translation 0'
+ eval 'wait_translation 0'
++ wait_translation 0
+++ seq 1 75
++ for i in $(seq 1 75)
+++ shown_count
+++ applog
+++ adb logcat -d -s ScreenTranslate:D
+++ grep -c 'Shown .* translated blocks'
++ '[' 0 -gt 0 ']'
++ sleep 2
++ for i in $(seq 1 75)
+++ shown_count
+++ applog
+++ adb logcat -d -s ScreenTranslate:D
+++ grep -c 'Shown .* translated blocks'
++ '[' 0 -gt 0 ']'
++ sleep 2
++ for i in $(seq 1 75)
+++ shown_count
+++ applog
+++ adb logcat -d -s ScreenTranslate:D
+++ grep -c 'Shown .* translated blocks'
++ '[' 0 -gt 0 ']'
++ sleep 2
++ for i in $(seq 1 75)
+++ shown_count
+++ applog
+++ adb logcat -d -s ScreenTranslate:D
+++ grep -c 'Shown .* translated blocks'
++ '[' 0 -gt 0 ']'
++ sleep 2
++ for i in $(seq 1 75)
+++ shown_count
+++ applog
+++ adb logcat -d -s ScreenTranslate:D
+++ grep -c 'Shown .* translated blocks'
++ '[' 0 -gt 0 ']'
++ sleep 2
++ for i in $(seq 1 75)
+++ shown_count
+++ applog
+++ adb logcat -d -s ScreenTranslate:D
+++ grep -c 'Shown .* translated blocks'
++ '[' 0 -gt 0 ']'
++ sleep 2
++ for i in $(seq 1 75)
+++ shown_count
+++ applog
+++ adb logcat -d -s ScreenTranslate:D
+++ grep -c 'Shown .* translated blocks'
++ '[' 0 -gt 0 ']'
++ sleep 2
++ for i in $(seq 1 75)
+++ shown_count
+++ applog
+++ adb logcat -d -s ScreenTranslate:D
+++ grep -c 'Shown .* translated blocks'
++ '[' 0 -gt 0 ']'
++ sleep 2
++ for i in $(seq 1 75)
+++ shown_count
+++ applog
+++ adb logcat -d -s ScreenTranslate:D
+++ grep -c 'Shown .* translated blocks'
++ '[' 0 -gt 0 ']'
++ sleep 2
++ for i in $(seq 1 75)
+++ shown_count
+++ applog
+++ adb logcat -d -s ScreenTranslate:D
+++ grep -c 'Shown .* translated blocks'
++ '[' 0 -gt 0 ']'
++ sleep 2
++ for i in $(seq 1 75)
+++ shown_count
+++ applog
+++ adb logcat -d -s ScreenTranslate:D
+++ grep -c 'Shown .* translated blocks'
++ '[' 0 -gt 0 ']'
++ sleep 2
++ for i in $(seq 1 75)
+++ shown_count
+++ applog
+++ adb logcat -d -s ScreenTranslate:D
+++ grep -c 'Shown .* translated blocks'
++ '[' 0 -gt 0 ']'
++ sleep 2
++ for i in $(seq 1 75)
+++ shown_count
+++ applog
+++ adb logcat -d -s ScreenTranslate:D
+++ grep -c 'Shown .* translated blocks'
++ '[' 0 -gt 0 ']'
++ sleep 2
++ for i in $(seq 1 75)
+++ shown_count
+++ applog
+++ adb logcat -d -s ScreenTranslate:D
+++ grep -c 'Shown .* translated blocks'
++ '[' 0 -gt 0 ']'
++ sleep 2
++ for i in $(seq 1 75)
+++ shown_count
+++ applog
+++ grep -c 'Shown .* translated blocks'
+++ adb logcat -d -s ScreenTranslate:D
++ '[' 0 -gt 0 ']'
++ sleep 2
++ for i in $(seq 1 75)
+++ shown_count
+++ applog
+++ adb logcat -d -s ScreenTranslate:D
+++ grep -c 'Shown .* translated blocks'
++ '[' 0 -gt 0 ']'
++ sleep 2
++ for i in $(seq 1 75)
+++ shown_count
+++ applog
+++ adb logcat -d -s ScreenTranslate:D
+++ grep -c 'Shown .* translated blocks'
++ '[' 0 -gt 0 ']'
++ sleep 2
++ for i in $(seq 1 75)
+++ shown_count
+++ applog
+++ adb logcat -d -s ScreenTranslate:D
+++ grep -c 'Shown .* translated blocks'
++ '[' 0 -gt 0 ']'
++ sleep 2
++ for i in $(seq 1 75)
+++ shown_count
+++ applog
+++ adb logcat -d -s ScreenTranslate:D
+++ grep -c 'Shown .* translated blocks'
++ '[' 0 -gt 0 ']'
++ sleep 2
++ for i in $(seq 1 75)
+++ shown_count
+++ applog
+++ adb logcat -d -s ScreenTranslate:D
+++ grep -c 'Shown .* translated blocks'
++ '[' 0 -gt 0 ']'
++ sleep 2
++ for i in $(seq 1 75)
+++ shown_count
+++ applog
+++ adb logcat -d -s ScreenTranslate:D
+++ grep -c 'Shown .* translated blocks'
++ '[' 0 -gt 0 ']'
++ sleep 2
++ for i in $(seq 1 75)
+++ shown_count
+++ applog
+++ adb logcat -d -s ScreenTranslate:D
+++ grep -c 'Shown .* translated blocks'
++ '[' 0 -gt 0 ']'
++ sleep 2
++ for i in $(seq 1 75)
+++ shown_count
+++ applog
+++ adb logcat -d -s ScreenTranslate:D
+++ grep -c 'Shown .* translated blocks'
++ '[' 0 -gt 0 ']'
++ sleep 2
++ for i in $(seq 1 75)
+++ shown_count
+++ applog
+++ adb logcat -d -s ScreenTranslate:D
+++ grep -c 'Shown .* translated blocks'
++ '[' 0 -gt 0 ']'
++ sleep 2
++ for i in $(seq 1 75)
+++ shown_count
+++ applog
+++ adb logcat -d -s ScreenTranslate:D
+++ grep -c 'Shown .* translated blocks'
++ '[' 0 -gt 0 ']'
++ sleep 2
++ for i in $(seq 1 75)
+++ shown_count
+++ applog
+++ adb logcat -d -s ScreenTranslate:D
+++ grep -c 'Shown .* translated blocks'
++ '[' 0 -gt 0 ']'
++ sleep 2
++ for i in $(seq 1 75)
+++ shown_count
+++ applog
+++ adb logcat -d -s ScreenTranslate:D
+++ grep -c 'Shown .* translated blocks'
++ '[' 0 -gt 0 ']'
++ sleep 2
++ for i in $(seq 1 75)
+++ shown_count
+++ applog
+++ adb logcat -d -s ScreenTranslate:D
+++ grep -c 'Shown .* translated blocks'
++ '[' 0 -gt 0 ']'
++ sleep 2
++ for i in $(seq 1 75)
+++ shown_count
+++ applog
+++ adb logcat -d -s ScreenTranslate:D
+++ grep -c 'Shown .* translated blocks'
++ '[' 0 -gt 0 ']'
++ sleep 2
++ for i in $(seq 1 75)
+++ shown_count
+++ applog
+++ adb logcat -d -s ScreenTranslate:D
+++ grep -c 'Shown .* translated blocks'
++ '[' 0 -gt 0 ']'
++ sleep 2
++ for i in $(seq 1 75)
+++ shown_count
+++ applog
+++ adb logcat -d -s ScreenTranslate:D
+++ grep -c 'Shown .* translated blocks'
++ '[' 0 -gt 0 ']'
++ sleep 2
++ for i in $(seq 1 75)
+++ shown_count
+++ applog
+++ adb logcat -d -s ScreenTranslate:D
+++ grep -c 'Shown .* translated blocks'
++ '[' 0 -gt 0 ']'
++ sleep 2
++ for i in $(seq 1 75)
+++ shown_count
+++ applog
+++ adb logcat -d -s ScreenTranslate:D
+++ grep -c 'Shown .* translated blocks'
++ '[' 0 -gt 0 ']'
++ sleep 2
++ for i in $(seq 1 75)
+++ shown_count
+++ applog
+++ adb logcat -d -s ScreenTranslate:D
+++ grep -c 'Shown .* translated blocks'
++ '[' 0 -gt 0 ']'
++ sleep 2
++ for i in $(seq 1 75)
+++ shown_count
+++ applog
+++ adb logcat -d -s ScreenTranslate:D
+++ grep -c 'Shown .* translated blocks'
++ '[' 0 -gt 0 ']'
++ sleep 2
++ for i in $(seq 1 75)
+++ shown_count
+++ applog
+++ adb logcat -d -s ScreenTranslate:D
+++ grep -c 'Shown .* translated blocks'
++ '[' 0 -gt 0 ']'
++ sleep 2
++ for i in $(seq 1 75)
+++ shown_count
+++ applog
+++ adb logcat -d -s ScreenTranslate:D
+++ grep -c 'Shown .* translated blocks'
++ '[' 0 -gt 0 ']'
++ sleep 2
++ for i in $(seq 1 75)
+++ shown_count
+++ applog
+++ adb logcat -d -s ScreenTranslate:D
+++ grep -c 'Shown .* translated blocks'
++ '[' 0 -gt 0 ']'
++ sleep 2
++ for i in $(seq 1 75)
+++ shown_count
+++ applog
+++ adb logcat -d -s ScreenTranslate:D
+++ grep -c 'Shown .* translated blocks'
++ '[' 0 -gt 0 ']'
++ sleep 2
++ for i in $(seq 1 75)
+++ shown_count
+++ applog
+++ adb logcat -d -s ScreenTranslate:D
+++ grep -c 'Shown .* translated blocks'
++ '[' 0 -gt 0 ']'
++ sleep 2
++ for i in $(seq 1 75)
+++ shown_count
+++ applog
+++ adb logcat -d -s ScreenTranslate:D
+++ grep -c 'Shown .* translated blocks'
++ '[' 0 -gt 0 ']'
++ sleep 2
++ for i in $(seq 1 75)
+++ shown_count
+++ applog
+++ adb logcat -d -s ScreenTranslate:D
+++ grep -c 'Shown .* translated blocks'
++ '[' 0 -gt 0 ']'
++ sleep 2
++ for i in $(seq 1 75)
+++ shown_count
+++ applog
+++ adb logcat -d -s ScreenTranslate:D
+++ grep -c 'Shown .* translated blocks'
++ '[' 0 -gt 0 ']'
++ sleep 2
++ for i in $(seq 1 75)
+++ shown_count
+++ applog
+++ adb logcat -d -s ScreenTranslate:D
+++ grep -c 'Shown .* translated blocks'
++ '[' 0 -gt 0 ']'
++ sleep 2
++ for i in $(seq 1 75)
+++ shown_count
+++ applog
+++ adb logcat -d -s ScreenTranslate:D
+++ grep -c 'Shown .* translated blocks'
++ '[' 0 -gt 0 ']'
++ sleep 2
++ for i in $(seq 1 75)
+++ shown_count
+++ applog
+++ adb logcat -d -s ScreenTranslate:D
+++ grep -c 'Shown .* translated blocks'
++ '[' 0 -gt 0 ']'
++ sleep 2
++ for i in $(seq 1 75)
+++ shown_count
+++ applog
+++ adb logcat -d -s ScreenTranslate:D
+++ grep -c 'Shown .* translated blocks'
++ '[' 0 -gt 0 ']'
++ sleep 2
++ for i in $(seq 1 75)
+++ shown_count
+++ applog
+++ adb logcat -d -s ScreenTranslate:D
+++ grep -c 'Shown .* translated blocks'
++ '[' 0 -gt 0 ']'
++ sleep 2
++ for i in $(seq 1 75)
+++ shown_count
+++ applog
+++ adb logcat -d -s ScreenTranslate:D
+++ grep -c 'Shown .* translated blocks'
++ '[' 0 -gt 0 ']'
++ sleep 2
++ for i in $(seq 1 75)
+++ shown_count
+++ applog
+++ adb logcat -d -s ScreenTranslate:D
+++ grep -c 'Shown .* translated blocks'
++ '[' 0 -gt 0 ']'
++ sleep 2
++ for i in $(seq 1 75)
+++ shown_count
+++ applog
+++ adb logcat -d -s ScreenTranslate:D
+++ grep -c 'Shown .* translated blocks'
++ '[' 0 -gt 0 ']'
++ sleep 2
++ for i in $(seq 1 75)
+++ shown_count
+++ applog
+++ adb logcat -d -s ScreenTranslate:D
+++ grep -c 'Shown .* translated blocks'
++ '[' 0 -gt 0 ']'
++ sleep 2
++ for i in $(seq 1 75)
+++ shown_count
+++ applog
+++ adb logcat -d -s ScreenTranslate:D
+++ grep -c 'Shown .* translated blocks'
++ '[' 0 -gt 0 ']'
++ sleep 2
++ for i in $(seq 1 75)
+++ shown_count
+++ applog
+++ adb logcat -d -s ScreenTranslate:D
+++ grep -c 'Shown .* translated blocks'
++ '[' 0 -gt 0 ']'
++ sleep 2
++ for i in $(seq 1 75)
+++ shown_count
+++ applog
+++ adb logcat -d -s ScreenTranslate:D
+++ grep -c 'Shown .* translated blocks'
++ '[' 0 -gt 0 ']'
++ sleep 2
++ for i in $(seq 1 75)
+++ shown_count
+++ applog
+++ adb logcat -d -s ScreenTranslate:D
+++ grep -c 'Shown .* translated blocks'
++ '[' 0 -gt 0 ']'
++ sleep 2
++ for i in $(seq 1 75)
+++ shown_count
+++ applog
+++ adb logcat -d -s ScreenTranslate:D
+++ grep -c 'Shown .* translated blocks'
++ '[' 0 -gt 0 ']'
++ sleep 2
++ for i in $(seq 1 75)
+++ shown_count
+++ applog
+++ adb logcat -d -s ScreenTranslate:D
+++ grep -c 'Shown .* translated blocks'
++ '[' 0 -gt 0 ']'
++ sleep 2
++ for i in $(seq 1 75)
+++ shown_count
+++ applog
+++ adb logcat -d -s ScreenTranslate:D
+++ grep -c 'Shown .* translated blocks'
++ '[' 0 -gt 0 ']'
++ sleep 2
++ for i in $(seq 1 75)
+++ shown_count
+++ applog
+++ adb logcat -d -s ScreenTranslate:D
+++ grep -c 'Shown .* translated blocks'
++ '[' 0 -gt 0 ']'
++ sleep 2
++ for i in $(seq 1 75)
+++ shown_count
+++ applog
+++ adb logcat -d -s ScreenTranslate:D
+++ grep -c 'Shown .* translated blocks'
++ '[' 0 -gt 0 ']'
++ sleep 2
++ for i in $(seq 1 75)
+++ shown_count
+++ applog
+++ adb logcat -d -s ScreenTranslate:D
+++ grep -c 'Shown .* translated blocks'
++ '[' 0 -gt 0 ']'
++ sleep 2
++ for i in $(seq 1 75)
+++ shown_count
+++ applog
+++ adb logcat -d -s ScreenTranslate:D
+++ grep -c 'Shown .* translated blocks'
++ '[' 0 -gt 0 ']'
++ sleep 2
++ for i in $(seq 1 75)
+++ shown_count
+++ applog
+++ adb logcat -d -s ScreenTranslate:D
+++ grep -c 'Shown .* translated blocks'
++ '[' 0 -gt 0 ']'
++ sleep 2
++ for i in $(seq 1 75)
+++ shown_count
+++ applog
+++ adb logcat -d -s ScreenTranslate:D
+++ grep -c 'Shown .* translated blocks'
++ '[' 0 -gt 0 ']'
++ sleep 2
++ for i in $(seq 1 75)
+++ shown_count
+++ applog
+++ adb logcat -d -s ScreenTranslate:D
+++ grep -c 'Shown .* translated blocks'
++ '[' 0 -gt 0 ']'
++ sleep 2
++ for i in $(seq 1 75)
+++ shown_count
+++ applog
+++ adb logcat -d -s ScreenTranslate:D
+++ grep -c 'Shown .* translated blocks'
++ '[' 0 -gt 0 ']'
++ sleep 2
++ for i in $(seq 1 75)
+++ shown_count
+++ applog
+++ adb logcat -d -s ScreenTranslate:D
+++ grep -c 'Shown .* translated blocks'
++ '[' 0 -gt 0 ']'
++ sleep 2
++ for i in $(seq 1 75)
+++ shown_count
+++ applog
+++ adb logcat -d -s ScreenTranslate:D
+++ grep -c 'Shown .* translated blocks'
++ '[' 0 -gt 0 ']'
++ sleep 2
++ for i in $(seq 1 75)
+++ shown_count
+++ applog
+++ adb logcat -d -s ScreenTranslate:D
+++ grep -c 'Shown .* translated blocks'
++ '[' 0 -gt 0 ']'
++ sleep 2
++ for i in $(seq 1 75)
+++ shown_count
+++ applog
+++ adb logcat -d -s ScreenTranslate:D
+++ grep -c 'Shown .* translated blocks'
++ '[' 0 -gt 0 ']'
++ sleep 2
++ for i in $(seq 1 75)
+++ shown_count
+++ applog
+++ adb logcat -d -s ScreenTranslate:D
+++ grep -c 'Shown .* translated blocks'
++ '[' 0 -gt 0 ']'
++ sleep 2
++ for i in $(seq 1 75)
+++ shown_count
+++ applog
+++ adb logcat -d -s ScreenTranslate:D
+++ grep -c 'Shown .* translated blocks'
++ '[' 0 -gt 0 ']'
++ sleep 2
++ for i in $(seq 1 75)
+++ shown_count
+++ applog
+++ adb logcat -d -s ScreenTranslate:D
+++ grep -c 'Shown .* translated blocks'
++ '[' 0 -gt 0 ']'
++ sleep 2
++ for i in $(seq 1 75)
+++ shown_count
+++ applog
+++ adb logcat -d -s ScreenTranslate:D
+++ grep -c 'Shown .* translated blocks'
++ '[' 0 -gt 0 ']'
++ sleep 2
++ return 1
+ echo 'FAIL: ru chat overlay shown'
FAIL: ru chat overlay shown
+ FAILS=3
+ sleep 2
+ shot 17-ru-chat-to-ar
+ adb exec-out screencap -p
++ applog
++ adb logcat -d -s ScreenTranslate:D
++ grep 'Shown .* translated blocks'
++ tail -1
++ awk '{print $(NF-2)}'
+ blocks=
+ echo 'ru chat blocks: '
ru chat blocks: 
+ check 'ru chat kept as paragraphs (<= 6 blocks)' '[ -n "" ] && [ "" -le 6 ]'
+ eval '[ -n "" ] && [ "" -le 6 ]'
++ '[' -n '' ']'
+ echo 'FAIL: ru chat kept as paragraphs (<= 6 blocks)'
FAIL: ru chat kept as paragraphs (<= 6 blocks)
+ FAILS=4
+ tap_ui 'Close translation'
+ dismiss_dialogs
+ adb shell uiautomator dump /sdcard/ui.xml
+ adb pull /sdcard/ui.xml /tmp/ui.xml
+ grep -q 't responding' /tmp/ui.xml
++ applog
++ adb logcat -d -s ScreenTranslate:D
++ grep 'UI_BOUNDS Close translation '
++ tail -1
++ awk '{print $(NF-1), $NF}'
+ xy=
+ '[' -n '' ']'
+ echo 'ui '\''Close translation'\'' not found'
ui 'Close translation' not found
+ return 1
+ sleep 2
+ open_page ar.html
+ adb shell am start -a android.intent.action.VIEW -d http://localhost:8000/ar.html com.android.chrome
+ sleep 7
+ tap_text 'No thanks'
+ dismiss_dialogs
+ adb shell uiautomator dump /sdcard/ui.xml
+ adb pull /sdcard/ui.xml /tmp/ui.xml
+ grep -q 't responding' /tmp/ui.xml
+ adb shell uiautomator dump /sdcard/ui.xml
+ adb pull /sdcard/ui.xml /tmp/ui.xml
++ python3 - 'No thanks'
+ xy=
+ '[' -n '' ']'
+ echo 'text '\''No thanks'\'' not found'
text 'No thanks' not found
+ return 1
+ tap_text 'Got it'
+ dismiss_dialogs
+ adb shell uiautomator dump /sdcard/ui.xml
+ adb pull /sdcard/ui.xml /tmp/ui.xml
+ grep -q 't responding' /tmp/ui.xml
+ adb shell uiautomator dump /sdcard/ui.xml
+ adb pull /sdcard/ui.xml /tmp/ui.xml
++ python3 - 'Got it'
+ xy=
+ '[' -n '' ']'
+ echo 'text '\''Got it'\'' not found'
text 'Got it' not found
+ return 1
+ sleep 1
+ shot 20-page-ar
+ adb exec-out screencap -p
++ shown_count
++ applog
++ adb logcat -d -s ScreenTranslate:D
++ grep -c 'Shown .* translated blocks'
+ n=0
+ tap_ui bubble
+ dismiss_dialogs
+ adb shell uiautomator dump /sdcard/ui.xml
+ adb pull /sdcard/ui.xml /tmp/ui.xml
+ grep -q 't responding' /tmp/ui.xml
++ applog
++ adb logcat -d -s ScreenTranslate:D
++ grep 'UI_BOUNDS bubble '
++ tail -1
++ awk '{print $(NF-1), $NF}'
+ xy='985 913'
+ '[' -n '985 913' ']'
+ adb shell input tap 985 913
+ echo 'tapped ui '\''bubble'\'' at 985 913'
tapped ui 'bubble' at 985 913
+ return 0
+ wait_translation 0
++ seq 1 75
+ for i in $(seq 1 75)
++ shown_count
++ applog
++ adb logcat -d -s ScreenTranslate:D
++ grep -c 'Shown .* translated blocks'
+ '[' 0 -gt 0 ']'
+ sleep 2
+ for i in $(seq 1 75)
++ shown_count
++ applog
++ adb logcat -d -s ScreenTranslate:D
++ grep -c 'Shown .* translated blocks'
+ '[' 0 -gt 0 ']'
+ sleep 2
+ for i in $(seq 1 75)
++ shown_count
++ applog
++ adb logcat -d -s ScreenTranslate:D
++ grep -c 'Shown .* translated blocks'
+ '[' 0 -gt 0 ']'
+ sleep 2
+ for i in $(seq 1 75)
++ shown_count
++ applog
++ adb logcat -d -s ScreenTranslate:D
++ grep -c 'Shown .* translated blocks'
+ '[' 0 -gt 0 ']'
+ sleep 2
+ for i in $(seq 1 75)
++ shown_count
++ applog
++ adb logcat -d -s ScreenTranslate:D
++ grep -c 'Shown .* translated blocks'
+ '[' 0 -gt 0 ']'
+ sleep 2
+ for i in $(seq 1 75)
++ shown_count
++ applog
++ adb logcat -d -s ScreenTranslate:D
++ grep -c 'Shown .* translated blocks'
+ '[' 0 -gt 0 ']'
+ sleep 2
+ for i in $(seq 1 75)
++ shown_count
++ applog
++ adb logcat -d -s ScreenTranslate:D
++ grep -c 'Shown .* translated blocks'
+ '[' 0 -gt 0 ']'
+ sleep 2
+ for i in $(seq 1 75)
++ shown_count
++ applog
++ adb logcat -d -s ScreenTranslate:D
++ grep -c 'Shown .* translated blocks'
+ '[' 0 -gt 0 ']'
+ sleep 2
+ for i in $(seq 1 75)
++ shown_count
++ applog
++ adb logcat -d -s ScreenTranslate:D
++ grep -c 'Shown .* translated blocks'
+ '[' 0 -gt 0 ']'
+ sleep 2
+ for i in $(seq 1 75)
++ shown_count
++ applog
++ adb logcat -d -s ScreenTranslate:D
++ grep -c 'Shown .* translated blocks'
+ '[' 0 -gt 0 ']'
+ sleep 2
+ for i in $(seq 1 75)
++ shown_count
++ applog
++ adb logcat -d -s ScreenTranslate:D
++ grep -c 'Shown .* translated blocks'
+ '[' 0 -gt 0 ']'
+ sleep 2
+ for i in $(seq 1 75)
++ shown_count
++ applog
++ adb logcat -d -s ScreenTranslate:D
++ grep -c 'Shown .* translated blocks'
+ '[' 0 -gt 0 ']'
+ sleep 2
+ for i in $(seq 1 75)
++ shown_count
++ applog
++ adb logcat -d -s ScreenTranslate:D
++ grep -c 'Shown .* translated blocks'
+ '[' 0 -gt 0 ']'
+ sleep 2
+ for i in $(seq 1 75)
++ shown_count
++ applog
++ adb logcat -d -s ScreenTranslate:D
++ grep -c 'Shown .* translated blocks'
+ '[' 0 -gt 0 ']'
+ sleep 2
+ for i in $(seq 1 75)
++ shown_count
++ applog
++ adb logcat -d -s ScreenTranslate:D
++ grep -c 'Shown .* translated blocks'
+ '[' 0 -gt 0 ']'
+ sleep 2
+ for i in $(seq 1 75)
++ shown_count
++ applog
++ adb logcat -d -s ScreenTranslate:D
++ grep -c 'Shown .* translated blocks'
+ '[' 0 -gt 0 ']'
+ sleep 2
+ for i in $(seq 1 75)
++ shown_count
++ applog
++ adb logcat -d -s ScreenTranslate:D
++ grep -c 'Shown .* translated blocks'
+ '[' 0 -gt 0 ']'
+ sleep 2
+ for i in $(seq 1 75)
++ shown_count
++ applog
++ adb logcat -d -s ScreenTranslate:D
++ grep -c 'Shown .* translated blocks'
+ '[' 0 -gt 0 ']'
+ sleep 2
+ for i in $(seq 1 75)
++ shown_count
++ applog
++ adb logcat -d -s ScreenTranslate:D
++ grep -c 'Shown .* translated blocks'
+ '[' 0 -gt 0 ']'
+ sleep 2
+ for i in $(seq 1 75)
++ shown_count
++ applog
++ adb logcat -d -s ScreenTranslate:D
++ grep -c 'Shown .* translated blocks'
+ '[' 0 -gt 0 ']'
+ sleep 2
+ for i in $(seq 1 75)
++ shown_count
++ applog
++ adb logcat -d -s ScreenTranslate:D
++ grep -c 'Shown .* translated blocks'
+ '[' 0 -gt 0 ']'
+ sleep 2
+ for i in $(seq 1 75)
++ shown_count
++ applog
++ adb logcat -d -s ScreenTranslate:D
++ grep -c 'Shown .* translated blocks'
+ '[' 0 -gt 0 ']'
+ sleep 2
+ for i in $(seq 1 75)
++ shown_count
++ applog
++ adb logcat -d -s ScreenTranslate:D
++ grep -c 'Shown .* translated blocks'
+ '[' 0 -gt 0 ']'
+ sleep 2
+ for i in $(seq 1 75)
++ shown_count
++ applog
++ adb logcat -d -s ScreenTranslate:D
++ grep -c 'Shown .* translated blocks'
+ '[' 0 -gt 0 ']'
+ sleep 2
+ for i in $(seq 1 75)
++ shown_count
++ applog
++ adb logcat -d -s ScreenTranslate:D
++ grep -c 'Shown .* translated blocks'
+ '[' 0 -gt 0 ']'
+ sleep 2
+ for i in $(seq 1 75)
++ shown_count
++ applog
++ adb logcat -d -s ScreenTranslate:D
++ grep -c 'Shown .* translated blocks'
+ '[' 0 -gt 0 ']'
+ sleep 2
+ for i in $(seq 1 75)
++ shown_count
++ applog
++ adb logcat -d -s ScreenTranslate:D
++ grep -c 'Shown .* translated blocks'
+ '[' 0 -gt 0 ']'
+ sleep 2
+ for i in $(seq 1 75)
++ shown_count
++ applog
++ adb logcat -d -s ScreenTranslate:D
++ grep -c 'Shown .* translated blocks'
+ '[' 0 -gt 0 ']'
+ sleep 2
+ for i in $(seq 1 75)
++ shown_count
++ applog
++ adb logcat -d -s ScreenTranslate:D
++ grep -c 'Shown .* translated blocks'
+ '[' 0 -gt 0 ']'
+ sleep 2
+ for i in $(seq 1 75)
++ shown_count
++ applog
++ adb logcat -d -s ScreenTranslate:D
++ grep -c 'Shown .* translated blocks'
+ '[' 0 -gt 0 ']'
+ sleep 2
+ for i in $(seq 1 75)
++ shown_count
++ applog
++ adb logcat -d -s ScreenTranslate:D
++ grep -c 'Shown .* translated blocks'
+ '[' 0 -gt 0 ']'
+ sleep 2
+ for i in $(seq 1 75)
++ shown_count
++ applog
++ adb logcat -d -s ScreenTranslate:D
++ grep -c 'Shown .* translated blocks'
+ '[' 0 -gt 0 ']'
+ sleep 2
+ for i in $(seq 1 75)
++ shown_count
++ applog
++ adb logcat -d -s ScreenTranslate:D
++ grep -c 'Shown .* translated blocks'
+ '[' 0 -gt 0 ']'
+ sleep 2
+ for i in $(seq 1 75)
++ shown_count
++ applog
++ adb logcat -d -s ScreenTranslate:D
++ grep -c 'Shown .* translated blocks'
+ '[' 0 -gt 0 ']'
+ sleep 2
+ for i in $(seq 1 75)
++ shown_count
++ applog
++ adb logcat -d -s ScreenTranslate:D
++ grep -c 'Shown .* translated blocks'
+ '[' 0 -gt 0 ']'
+ sleep 2
+ for i in $(seq 1 75)
++ shown_count
++ applog
++ adb logcat -d -s ScreenTranslate:D
++ grep -c 'Shown .* translated blocks'
+ '[' 0 -gt 0 ']'
+ sleep 2
+ for i in $(seq 1 75)
++ shown_count
++ grep -c 'Shown .* translated blocks'
++ applog
++ adb logcat -d -s ScreenTranslate:D
+ '[' 0 -gt 0 ']'
+ sleep 2
+ for i in $(seq 1 75)
++ shown_count
++ applog
++ adb logcat -d -s ScreenTranslate:D
++ grep -c 'Shown .* translated blocks'
+ '[' 0 -gt 0 ']'
+ sleep 2
+ for i in $(seq 1 75)
++ shown_count
++ applog
++ adb logcat -d -s ScreenTranslate:D
++ grep -c 'Shown .* translated blocks'
+ '[' 0 -gt 0 ']'
+ sleep 2
+ for i in $(seq 1 75)
++ shown_count
++ applog
++ adb logcat -d -s ScreenTranslate:D
++ grep -c 'Shown .* translated blocks'
+ '[' 0 -gt 0 ']'
+ sleep 2
+ for i in $(seq 1 75)
++ shown_count
++ applog
++ adb logcat -d -s ScreenTranslate:D
++ grep -c 'Shown .* translated blocks'
+ '[' 0 -gt 0 ']'
+ sleep 2
+ for i in $(seq 1 75)
++ shown_count
++ applog
++ adb logcat -d -s ScreenTranslate:D
++ grep -c 'Shown .* translated blocks'
+ '[' 0 -gt 0 ']'
+ sleep 2
+ for i in $(seq 1 75)
++ shown_count
++ applog
++ adb logcat -d -s ScreenTranslate:D
++ grep -c 'Shown .* translated blocks'
+ '[' 0 -gt 0 ']'
+ sleep 2
+ for i in $(seq 1 75)
++ shown_count
++ applog
++ adb logcat -d -s ScreenTranslate:D
++ grep -c 'Shown .* translated blocks'
+ '[' 0 -gt 0 ']'
+ sleep 2
+ for i in $(seq 1 75)
++ shown_count
++ applog
++ adb logcat -d -s ScreenTranslate:D
++ grep -c 'Shown .* translated blocks'
+ '[' 0 -gt 0 ']'
+ sleep 2
+ for i in $(seq 1 75)
++ shown_count
++ applog
++ adb logcat -d -s ScreenTranslate:D
++ grep -c 'Shown .* translated blocks'
+ '[' 0 -gt 0 ']'
+ sleep 2
+ for i in $(seq 1 75)
++ shown_count
++ applog
++ adb logcat -d -s ScreenTranslate:D
++ grep -c 'Shown .* translated blocks'
+ '[' 0 -gt 0 ']'
+ sleep 2
+ for i in $(seq 1 75)
++ shown_count
++ applog
++ adb logcat -d -s ScreenTranslate:D
++ grep -c 'Shown .* translated blocks'
+ '[' 0 -gt 0 ']'
+ sleep 2
+ for i in $(seq 1 75)
++ shown_count
++ applog
++ adb logcat -d -s ScreenTranslate:D
++ grep -c 'Shown .* translated blocks'
+ '[' 0 -gt 0 ']'
+ sleep 2
+ for i in $(seq 1 75)
++ shown_count
++ applog
++ adb logcat -d -s ScreenTranslate:D
++ grep -c 'Shown .* translated blocks'
+ '[' 0 -gt 0 ']'
+ sleep 2
+ for i in $(seq 1 75)
++ shown_count
++ applog
++ adb logcat -d -s ScreenTranslate:D
++ grep -c 'Shown .* translated blocks'
+ '[' 0 -gt 0 ']'
+ sleep 2
+ for i in $(seq 1 75)
++ shown_count
++ applog
++ adb logcat -d -s ScreenTranslate:D
++ grep -c 'Shown .* translated blocks'
+ '[' 0 -gt 0 ']'
+ sleep 2
+ for i in $(seq 1 75)
++ shown_count
++ applog
++ adb logcat -d -s ScreenTranslate:D
++ grep -c 'Shown .* translated blocks'
+ '[' 0 -gt 0 ']'
+ sleep 2
+ for i in $(seq 1 75)
++ shown_count
++ applog
++ adb logcat -d -s ScreenTranslate:D
++ grep -c 'Shown .* translated blocks'
+ '[' 0 -gt 0 ']'
+ sleep 2
+ for i in $(seq 1 75)
++ shown_count
++ applog
++ adb logcat -d -s ScreenTranslate:D
++ grep -c 'Shown .* translated blocks'
+ '[' 0 -gt 0 ']'
+ sleep 2
+ for i in $(seq 1 75)
++ shown_count
++ applog
++ adb logcat -d -s ScreenTranslate:D
++ grep -c 'Shown .* translated blocks'
+ '[' 0 -gt 0 ']'
+ sleep 2
+ for i in $(seq 1 75)
++ shown_count
++ applog
++ adb logcat -d -s ScreenTranslate:D
++ grep -c 'Shown .* translated blocks'
+ '[' 0 -gt 0 ']'
+ sleep 2
+ for i in $(seq 1 75)
++ shown_count
++ applog
++ adb logcat -d -s ScreenTranslate:D
++ grep -c 'Shown .* translated blocks'
+ '[' 0 -gt 0 ']'
+ sleep 2
+ for i in $(seq 1 75)
++ shown_count
++ applog
++ adb logcat -d -s ScreenTranslate:D
++ grep -c 'Shown .* translated blocks'
+ '[' 0 -gt 0 ']'
+ sleep 2
+ for i in $(seq 1 75)
++ shown_count
++ applog
++ adb logcat -d -s ScreenTranslate:D
++ grep -c 'Shown .* translated blocks'
+ '[' 0 -gt 0 ']'
+ sleep 2
+ for i in $(seq 1 75)
++ shown_count
++ applog
++ adb logcat -d -s ScreenTranslate:D
++ grep -c 'Shown .* translated blocks'
+ '[' 0 -gt 0 ']'
+ sleep 2
+ for i in $(seq 1 75)
++ shown_count
++ applog
++ adb logcat -d -s ScreenTranslate:D
++ grep -c 'Shown .* translated blocks'
+ '[' 0 -gt 0 ']'
+ sleep 2
+ for i in $(seq 1 75)
++ shown_count
++ applog
++ adb logcat -d -s ScreenTranslate:D
++ grep -c 'Shown .* translated blocks'
+ '[' 0 -gt 0 ']'
+ sleep 2
+ for i in $(seq 1 75)
++ shown_count
++ applog
++ adb logcat -d -s ScreenTranslate:D
++ grep -c 'Shown .* translated blocks'
+ '[' 0 -gt 0 ']'
+ sleep 2
+ for i in $(seq 1 75)
++ shown_count
++ applog
++ adb logcat -d -s ScreenTranslate:D
++ grep -c 'Shown .* translated blocks'
+ '[' 0 -gt 0 ']'
+ sleep 2
+ for i in $(seq 1 75)
++ shown_count
++ applog
++ adb logcat -d -s ScreenTranslate:D
++ grep -c 'Shown .* translated blocks'
+ '[' 0 -gt 0 ']'
+ sleep 2
+ for i in $(seq 1 75)
++ shown_count
++ applog
++ adb logcat -d -s ScreenTranslate:D
++ grep -c 'Shown .* translated blocks'
+ '[' 0 -gt 0 ']'
+ sleep 2
+ for i in $(seq 1 75)
++ shown_count
++ applog
++ adb logcat -d -s ScreenTranslate:D
++ grep -c 'Shown .* translated blocks'
+ '[' 0 -gt 0 ']'
+ sleep 2
+ for i in $(seq 1 75)
++ shown_count
++ applog
++ adb logcat -d -s ScreenTranslate:D
++ grep -c 'Shown .* translated blocks'
+ '[' 0 -gt 0 ']'
+ sleep 2
+ for i in $(seq 1 75)
++ shown_count
++ applog
++ adb logcat -d -s ScreenTranslate:D
++ grep -c 'Shown .* translated blocks'
+ '[' 0 -gt 0 ']'
+ sleep 2
+ for i in $(seq 1 75)
++ shown_count
++ applog
++ adb logcat -d -s ScreenTranslate:D
++ grep -c 'Shown .* translated blocks'
+ '[' 0 -gt 0 ']'
+ sleep 2
+ for i in $(seq 1 75)
++ shown_count
++ applog
++ adb logcat -d -s ScreenTranslate:D
++ grep -c 'Shown .* translated blocks'
+ '[' 0 -gt 0 ']'
+ sleep 2
+ for i in $(seq 1 75)
++ shown_count
++ applog
++ adb logcat -d -s ScreenTranslate:D
++ grep -c 'Shown .* translated blocks'
+ '[' 0 -gt 0 ']'
+ sleep 2
+ for i in $(seq 1 75)
++ shown_count
++ applog
++ adb logcat -d -s ScreenTranslate:D
++ grep -c 'Shown .* translated blocks'
+ '[' 0 -gt 0 ']'
+ sleep 2
+ for i in $(seq 1 75)
++ shown_count
++ applog
++ adb logcat -d -s ScreenTranslate:D
++ grep -c 'Shown .* translated blocks'
+ '[' 0 -gt 0 ']'
+ sleep 2
+ return 1
+ sleep 2
+ shot 21-ar-page-target-ar
+ adb exec-out screencap -p
+ tap_ui 'Change target language'
+ dismiss_dialogs
+ adb shell uiautomator dump /sdcard/ui.xml
+ adb pull /sdcard/ui.xml /tmp/ui.xml
+ grep -q 't responding' /tmp/ui.xml
++ applog
++ adb logcat -d -s ScreenTranslate:D
++ grep 'UI_BOUNDS Change target language '
++ tail -1
++ awk '{print $(NF-1), $NF}'
+ xy=
+ '[' -n '' ']'
+ echo 'ui '\''Change target language'\'' not found'
ui 'Change target language' not found
+ return 1
+ sleep 2
+ shot 22-language-bar
+ adb exec-out screencap -p
++ shown_count
++ applog
++ adb logcat -d -s ScreenTranslate:D
++ grep -c 'Shown .* translated blocks'
+ n=0
+ tap_ui English
+ dismiss_dialogs
+ adb shell uiautomator dump /sdcard/ui.xml
+ adb pull /sdcard/ui.xml /tmp/ui.xml
+ grep -q 't responding' /tmp/ui.xml
++ applog
++ adb logcat -d -s ScreenTranslate:D
++ grep 'UI_BOUNDS English '
++ tail -1
++ awk '{print $(NF-1), $NF}'
+ xy=
+ '[' -n '' ']'
+ echo 'ui '\''English'\'' not found'
ui 'English' not found
+ return 1
+ check 'ar->en overlay shown' 'wait_translation 0'
+ eval 'wait_translation 0'
++ wait_translation 0
+++ seq 1 75
++ for i in $(seq 1 75)
+++ shown_count
+++ applog
+++ adb logcat -d -s ScreenTranslate:D
+++ grep -c 'Shown .* translated blocks'
++ '[' 0 -gt 0 ']'
++ sleep 2
++ for i in $(seq 1 75)
+++ shown_count
+++ applog
+++ adb logcat -d -s ScreenTranslate:D
+++ grep -c 'Shown .* translated blocks'
++ '[' 0 -gt 0 ']'
++ sleep 2
++ for i in $(seq 1 75)
+++ shown_count
+++ applog
+++ adb logcat -d -s ScreenTranslate:D
+++ grep -c 'Shown .* translated blocks'
++ '[' 0 -gt 0 ']'
++ sleep 2
++ for i in $(seq 1 75)
+++ shown_count
+++ applog
+++ adb logcat -d -s ScreenTranslate:D
+++ grep -c 'Shown .* translated blocks'
++ '[' 0 -gt 0 ']'
++ sleep 2
++ for i in $(seq 1 75)
+++ shown_count
+++ applog
+++ adb logcat -d -s ScreenTranslate:D
+++ grep -c 'Shown .* translated blocks'
++ '[' 0 -gt 0 ']'
++ sleep 2
++ for i in $(seq 1 75)
+++ shown_count
+++ applog
+++ adb logcat -d -s ScreenTranslate:D
+++ grep -c 'Shown .* translated blocks'
++ '[' 0 -gt 0 ']'
++ sleep 2
++ for i in $(seq 1 75)
+++ shown_count
+++ applog
+++ adb logcat -d -s ScreenTranslate:D
+++ grep -c 'Shown .* translated blocks'
++ '[' 0 -gt 0 ']'
++ sleep 2
++ for i in $(seq 1 75)
+++ shown_count
+++ applog
+++ adb logcat -d -s ScreenTranslate:D
+++ grep -c 'Shown .* translated blocks'
++ '[' 0 -gt 0 ']'
++ sleep 2
++ for i in $(seq 1 75)
+++ shown_count
+++ applog
+++ adb logcat -d -s ScreenTranslate:D
+++ grep -c 'Shown .* translated blocks'
++ '[' 0 -gt 0 ']'
++ sleep 2
++ for i in $(seq 1 75)
+++ shown_count
+++ applog
+++ adb logcat -d -s ScreenTranslate:D
+++ grep -c 'Shown .* translated blocks'
++ '[' 0 -gt 0 ']'
++ sleep 2
++ for i in $(seq 1 75)
+++ shown_count
+++ applog
+++ adb logcat -d -s ScreenTranslate:D
+++ grep -c 'Shown .* translated blocks'
++ '[' 0 -gt 0 ']'
++ sleep 2
++ for i in $(seq 1 75)
+++ shown_count
+++ applog
+++ adb logcat -d -s ScreenTranslate:D
+++ grep -c 'Shown .* translated blocks'
++ '[' 0 -gt 0 ']'
++ sleep 2
++ for i in $(seq 1 75)
+++ shown_count
+++ applog
+++ adb logcat -d -s ScreenTranslate:D
+++ grep -c 'Shown .* translated blocks'
++ '[' 0 -gt 0 ']'
++ sleep 2
++ for i in $(seq 1 75)
+++ shown_count
+++ applog
+++ adb logcat -d -s ScreenTranslate:D
+++ grep -c 'Shown .* translated blocks'
++ '[' 0 -gt 0 ']'
++ sleep 2
++ for i in $(seq 1 75)
+++ shown_count
+++ applog
+++ adb logcat -d -s ScreenTranslate:D
+++ grep -c 'Shown .* translated blocks'
++ '[' 0 -gt 0 ']'
++ sleep 2
++ for i in $(seq 1 75)
+++ shown_count
+++ applog
+++ adb logcat -d -s ScreenTranslate:D
+++ grep -c 'Shown .* translated blocks'
++ '[' 0 -gt 0 ']'
++ sleep 2
++ for i in $(seq 1 75)
+++ shown_count
+++ applog
+++ adb logcat -d -s ScreenTranslate:D
+++ grep -c 'Shown .* translated blocks'
++ '[' 0 -gt 0 ']'
++ sleep 2
++ for i in $(seq 1 75)
+++ shown_count
+++ applog
+++ adb logcat -d -s ScreenTranslate:D
+++ grep -c 'Shown .* translated blocks'
++ '[' 0 -gt 0 ']'
++ sleep 2
++ for i in $(seq 1 75)
+++ shown_count
+++ applog
+++ adb logcat -d -s ScreenTranslate:D
+++ grep -c 'Shown .* translated blocks'
++ '[' 0 -gt 0 ']'
++ sleep 2
++ for i in $(seq 1 75)
+++ shown_count
+++ applog
+++ adb logcat -d -s ScreenTranslate:D
+++ grep -c 'Shown .* translated blocks'
++ '[' 0 -gt 0 ']'
++ sleep 2
++ for i in $(seq 1 75)
+++ shown_count
+++ applog
+++ adb logcat -d -s ScreenTranslate:D
+++ grep -c 'Shown .* translated blocks'
++ '[' 0 -gt 0 ']'
++ sleep 2
++ for i in $(seq 1 75)
+++ shown_count
+++ applog
+++ adb logcat -d -s ScreenTranslate:D
+++ grep -c 'Shown .* translated blocks'
++ '[' 0 -gt 0 ']'
++ sleep 2
++ for i in $(seq 1 75)
+++ shown_count
+++ applog
+++ adb logcat -d -s ScreenTranslate:D
+++ grep -c 'Shown .* translated blocks'
++ '[' 0 -gt 0 ']'
++ sleep 2
++ for i in $(seq 1 75)
+++ shown_count
+++ applog
+++ adb logcat -d -s ScreenTranslate:D
+++ grep -c 'Shown .* translated blocks'
++ '[' 0 -gt 0 ']'
++ sleep 2
++ for i in $(seq 1 75)
+++ shown_count
+++ applog
+++ adb logcat -d -s ScreenTranslate:D
+++ grep -c 'Shown .* translated blocks'
++ '[' 0 -gt 0 ']'
++ sleep 2
++ for i in $(seq 1 75)
+++ shown_count
+++ applog
+++ adb logcat -d -s ScreenTranslate:D
+++ grep -c 'Shown .* translated blocks'
++ '[' 0 -gt 0 ']'
++ sleep 2
++ for i in $(seq 1 75)
+++ shown_count
+++ applog
+++ adb logcat -d -s ScreenTranslate:D
+++ grep -c 'Shown .* translated blocks'
++ '[' 0 -gt 0 ']'
++ sleep 2
++ for i in $(seq 1 75)
+++ shown_count
+++ applog
+++ adb logcat -d -s ScreenTranslate:D
+++ grep -c 'Shown .* translated blocks'
++ '[' 0 -gt 0 ']'
++ sleep 2
++ for i in $(seq 1 75)
+++ shown_count
+++ applog
+++ adb logcat -d -s ScreenTranslate:D
+++ grep -c 'Shown .* translated blocks'
++ '[' 0 -gt 0 ']'
++ sleep 2
++ for i in $(seq 1 75)
+++ shown_count
+++ applog
+++ adb logcat -d -s ScreenTranslate:D
+++ grep -c 'Shown .* translated blocks'
++ '[' 0 -gt 0 ']'
++ sleep 2
++ for i in $(seq 1 75)
+++ shown_count
+++ applog
+++ adb logcat -d -s ScreenTranslate:D
+++ grep -c 'Shown .* translated blocks'
++ '[' 0 -gt 0 ']'
++ sleep 2
++ for i in $(seq 1 75)
+++ shown_count
+++ applog
+++ grep -c 'Shown .* translated blocks'
+++ adb logcat -d -s ScreenTranslate:D
++ '[' 0 -gt 0 ']'
++ sleep 2
++ for i in $(seq 1 75)
+++ shown_count
+++ applog
+++ adb logcat -d -s ScreenTranslate:D
+++ grep -c 'Shown .* translated blocks'
++ '[' 0 -gt 0 ']'
++ sleep 2
++ for i in $(seq 1 75)
+++ shown_count
+++ applog
+++ adb logcat -d -s ScreenTranslate:D
+++ grep -c 'Shown .* translated blocks'
++ '[' 0 -gt 0 ']'
++ sleep 2
++ for i in $(seq 1 75)
+++ shown_count
+++ applog
+++ adb logcat -d -s ScreenTranslate:D
+++ grep -c 'Shown .* translated blocks'
++ '[' 0 -gt 0 ']'
++ sleep 2
++ for i in $(seq 1 75)
+++ shown_count
+++ applog
+++ adb logcat -d -s ScreenTranslate:D
+++ grep -c 'Shown .* translated blocks'
++ '[' 0 -gt 0 ']'
++ sleep 2
++ for i in $(seq 1 75)
+++ shown_count
+++ applog
+++ adb logcat -d -s ScreenTranslate:D
+++ grep -c 'Shown .* translated blocks'
++ '[' 0 -gt 0 ']'
++ sleep 2
++ for i in $(seq 1 75)
+++ shown_count
+++ applog
+++ adb logcat -d -s ScreenTranslate:D
+++ grep -c 'Shown .* translated blocks'
++ '[' 0 -gt 0 ']'
++ sleep 2
++ for i in $(seq 1 75)
+++ shown_count
+++ applog
+++ adb logcat -d -s ScreenTranslate:D
+++ grep -c 'Shown .* translated blocks'
++ '[' 0 -gt 0 ']'
++ sleep 2
++ for i in $(seq 1 75)
+++ shown_count
+++ applog
+++ adb logcat -d -s ScreenTranslate:D
+++ grep -c 'Shown .* translated blocks'
++ '[' 0 -gt 0 ']'
++ sleep 2
++ for i in $(seq 1 75)
+++ shown_count
+++ applog
+++ adb logcat -d -s ScreenTranslate:D
+++ grep -c 'Shown .* translated blocks'
++ '[' 0 -gt 0 ']'
++ sleep 2
++ for i in $(seq 1 75)
+++ shown_count
+++ applog
+++ adb logcat -d -s ScreenTranslate:D
+++ grep -c 'Shown .* translated blocks'
++ '[' 0 -gt 0 ']'
++ sleep 2
++ for i in $(seq 1 75)
+++ shown_count
+++ applog
+++ adb logcat -d -s ScreenTranslate:D
+++ grep -c 'Shown .* translated blocks'
++ '[' 0 -gt 0 ']'
++ sleep 2
++ for i in $(seq 1 75)
+++ shown_count
+++ applog
+++ adb logcat -d -s ScreenTranslate:D
+++ grep -c 'Shown .* translated blocks'
++ '[' 0 -gt 0 ']'
++ sleep 2
++ for i in $(seq 1 75)
+++ shown_count
+++ applog
+++ adb logcat -d -s ScreenTranslate:D
+++ grep -c 'Shown .* translated blocks'
++ '[' 0 -gt 0 ']'
++ sleep 2
++ for i in $(seq 1 75)
+++ shown_count
+++ applog
+++ adb logcat -d -s ScreenTranslate:D
+++ grep -c 'Shown .* translated blocks'
++ '[' 0 -gt 0 ']'
++ sleep 2
++ for i in $(seq 1 75)
+++ shown_count
+++ applog
+++ adb logcat -d -s ScreenTranslate:D
+++ grep -c 'Shown .* translated blocks'
++ '[' 0 -gt 0 ']'
++ sleep 2
++ for i in $(seq 1 75)
+++ shown_count
+++ applog
+++ adb logcat -d -s ScreenTranslate:D
+++ grep -c 'Shown .* translated blocks'
++ '[' 0 -gt 0 ']'
++ sleep 2
++ for i in $(seq 1 75)
+++ shown_count
+++ applog
+++ adb logcat -d -s ScreenTranslate:D
+++ grep -c 'Shown .* translated blocks'
++ '[' 0 -gt 0 ']'
++ sleep 2
++ for i in $(seq 1 75)
+++ shown_count
+++ applog
+++ adb logcat -d -s ScreenTranslate:D
+++ grep -c 'Shown .* translated blocks'
++ '[' 0 -gt 0 ']'
++ sleep 2
++ for i in $(seq 1 75)
+++ shown_count
+++ applog
+++ grep -c 'Shown .* translated blocks'
+++ adb logcat -d -s ScreenTranslate:D
++ '[' 0 -gt 0 ']'
++ sleep 2
++ for i in $(seq 1 75)
+++ shown_count
+++ applog
+++ adb logcat -d -s ScreenTranslate:D
+++ grep -c 'Shown .* translated blocks'
++ '[' 0 -gt 0 ']'
++ sleep 2
++ for i in $(seq 1 75)
+++ shown_count
+++ applog
+++ adb logcat -d -s ScreenTranslate:D
+++ grep -c 'Shown .* translated blocks'
++ '[' 0 -gt 0 ']'
++ sleep 2
++ for i in $(seq 1 75)
+++ shown_count
+++ applog
+++ adb logcat -d -s ScreenTranslate:D
+++ grep -c 'Shown .* translated blocks'
++ '[' 0 -gt 0 ']'
++ sleep 2
++ for i in $(seq 1 75)
+++ shown_count
+++ applog
+++ adb logcat -d -s ScreenTranslate:D
+++ grep -c 'Shown .* translated blocks'
++ '[' 0 -gt 0 ']'
++ sleep 2
++ for i in $(seq 1 75)
+++ shown_count
+++ applog
+++ adb logcat -d -s ScreenTranslate:D
+++ grep -c 'Shown .* translated blocks'
++ '[' 0 -gt 0 ']'
++ sleep 2
++ for i in $(seq 1 75)
+++ shown_count
+++ applog
+++ adb logcat -d -s ScreenTranslate:D
+++ grep -c 'Shown .* translated blocks'
++ '[' 0 -gt 0 ']'
++ sleep 2
++ for i in $(seq 1 75)
+++ shown_count
+++ applog
+++ adb logcat -d -s ScreenTranslate:D
+++ grep -c 'Shown .* translated blocks'
++ '[' 0 -gt 0 ']'
++ sleep 2
++ for i in $(seq 1 75)
+++ shown_count
+++ applog
+++ adb logcat -d -s ScreenTranslate:D
+++ grep -c 'Shown .* translated blocks'
++ '[' 0 -gt 0 ']'
++ sleep 2
++ for i in $(seq 1 75)
+++ shown_count
+++ applog
+++ adb logcat -d -s ScreenTranslate:D
+++ grep -c 'Shown .* translated blocks'
++ '[' 0 -gt 0 ']'
++ sleep 2
++ for i in $(seq 1 75)
+++ shown_count
+++ applog
+++ adb logcat -d -s ScreenTranslate:D
+++ grep -c 'Shown .* translated blocks'
++ '[' 0 -gt 0 ']'
++ sleep 2
++ for i in $(seq 1 75)
+++ shown_count
+++ applog
+++ adb logcat -d -s ScreenTranslate:D
+++ grep -c 'Shown .* translated blocks'
++ '[' 0 -gt 0 ']'
++ sleep 2
++ for i in $(seq 1 75)
+++ shown_count
+++ applog
+++ adb logcat -d -s ScreenTranslate:D
+++ grep -c 'Shown .* translated blocks'
++ '[' 0 -gt 0 ']'
++ sleep 2
++ for i in $(seq 1 75)
+++ shown_count
+++ applog
+++ adb logcat -d -s ScreenTranslate:D
+++ grep -c 'Shown .* translated blocks'
++ '[' 0 -gt 0 ']'
++ sleep 2
++ for i in $(seq 1 75)
+++ shown_count
+++ applog
+++ adb logcat -d -s ScreenTranslate:D
+++ grep -c 'Shown .* translated blocks'
++ '[' 0 -gt 0 ']'
++ sleep 2
++ for i in $(seq 1 75)
+++ shown_count
+++ applog
+++ adb logcat -d -s ScreenTranslate:D
+++ grep -c 'Shown .* translated blocks'
++ '[' 1 -gt 0 ']'
++ return 0
+ echo 'PASS: ar->en overlay shown'
PASS: ar->en overlay shown
+ sleep 2
+ shot 23-ar-to-en
+ adb exec-out screencap -p
+ tap_ui 'Close translation'
+ dismiss_dialogs
+ adb shell uiautomator dump /sdcard/ui.xml
+ adb pull /sdcard/ui.xml /tmp/ui.xml
+ grep -q 't responding' /tmp/ui.xml
++ applog
++ adb logcat -d -s ScreenTranslate:D
++ grep 'UI_BOUNDS Close translation '
++ tail -1
++ awk '{print $(NF-1), $NF}'
+ xy='292 2143'
+ '[' -n '292 2143' ']'
+ adb shell input tap 292 2143
+ echo 'tapped ui '\''Close translation'\'' at 292 2143'
tapped ui 'Close translation' at 292 2143
+ return 0
+ sleep 2
+ adb shell am start -n com.screentranslate.app/.ui.MainActivity
Starting: Intent { cmp=com.screentranslate.app/.ui.MainActivity }
Warning: Activity not started, its current task has been brought to the front
+ sleep 4
+ tap_text 'English  ·  English'
+ dismiss_dialogs
+ adb shell uiautomator dump /sdcard/ui.xml
+ adb pull /sdcard/ui.xml /tmp/ui.xml
+ grep -q 't responding' /tmp/ui.xml
+ adb shell uiautomator dump /sdcard/ui.xml
+ adb pull /sdcard/ui.xml /tmp/ui.xml
++ python3 - 'English  ·  English'
+ xy=
+ '[' -n '' ']'
+ echo 'text '\''English  ·  English'\'' not found'
text 'English  ·  English' not found
+ return 1
+ sleep 2
+ tap_text 'Russian  ·  Русский'
+ dismiss_dialogs
+ adb shell uiautomator dump /sdcard/ui.xml
+ adb pull /sdcard/ui.xml /tmp/ui.xml
+ grep -q 't responding' /tmp/ui.xml
+ adb shell uiautomator dump /sdcard/ui.xml
+ adb pull /sdcard/ui.xml /tmp/ui.xml
++ python3 - 'Russian  ·  Русский'
+ xy=
+ '[' -n '' ']'
+ echo 'text '\''Russian  ·  Русский'\'' not found'
text 'Russian  ·  Русский' not found
+ return 1
+ sleep 2
+ shot 29-target-russian
+ adb exec-out screencap -p
+ open_page en.html
+ adb shell am start -a android.intent.action.VIEW -d http://localhost:8000/en.html com.android.chrome
+ sleep 7
+ tap_text 'No thanks'
+ dismiss_dialogs
+ adb shell uiautomator dump /sdcard/ui.xml
+ adb pull /sdcard/ui.xml /tmp/ui.xml
+ grep -q 't responding' /tmp/ui.xml
+ adb shell uiautomator dump /sdcard/ui.xml
+ adb pull /sdcard/ui.xml /tmp/ui.xml
++ python3 - 'No thanks'
+ xy=
+ '[' -n '' ']'
+ echo 'text '\''No thanks'\'' not found'
text 'No thanks' not found
+ return 1
+ tap_text 'Got it'
+ dismiss_dialogs
+ adb shell uiautomator dump /sdcard/ui.xml
+ adb pull /sdcard/ui.xml /tmp/ui.xml
+ grep -q 't responding' /tmp/ui.xml
+ adb shell uiautomator dump /sdcard/ui.xml
+ adb pull /sdcard/ui.xml /tmp/ui.xml
++ python3 - 'Got it'
+ xy=
+ '[' -n '' ']'
+ echo 'text '\''Got it'\'' not found'
text 'Got it' not found
+ return 1
+ sleep 1
+ shot 30-page-en
+ adb exec-out screencap -p
++ shown_count
++ applog
++ adb logcat -d -s ScreenTranslate:D
++ grep -c 'Shown .* translated blocks'
+ n=1
+ tap_ui bubble
+ dismiss_dialogs
+ adb shell uiautomator dump /sdcard/ui.xml
+ adb pull /sdcard/ui.xml /tmp/ui.xml
+ grep -q 't responding' /tmp/ui.xml
++ applog
++ adb logcat -d -s ScreenTranslate:D
++ grep 'UI_BOUNDS bubble '
++ tail -1
++ awk '{print $(NF-1), $NF}'
+ xy='985 913'
+ '[' -n '985 913' ']'
+ adb shell input tap 985 913
+ echo 'tapped ui '\''bubble'\'' at 985 913'
tapped ui 'bubble' at 985 913
+ return 0
+ check 'en->ru overlay shown' 'wait_translation 1'
+ eval 'wait_translation 1'
++ wait_translation 1
+++ seq 1 75
++ for i in $(seq 1 75)
+++ shown_count
+++ applog
+++ adb logcat -d -s ScreenTranslate:D
+++ grep -c 'Shown .* translated blocks'
++ '[' 1 -gt 1 ']'
++ sleep 2
++ for i in $(seq 1 75)
+++ shown_count
+++ applog
+++ grep -c 'Shown .* translated blocks'
+++ adb logcat -d -s ScreenTranslate:D
++ '[' 1 -gt 1 ']'
++ sleep 2
++ for i in $(seq 1 75)
+++ shown_count
+++ applog
+++ grep -c 'Shown .* translated blocks'
+++ adb logcat -d -s ScreenTranslate:D
++ '[' 1 -gt 1 ']'
++ sleep 2
++ for i in $(seq 1 75)
+++ shown_count
+++ applog
+++ adb logcat -d -s ScreenTranslate:D
+++ grep -c 'Shown .* translated blocks'
++ '[' 2 -gt 1 ']'
++ return 0
+ echo 'PASS: en->ru overlay shown'
PASS: en->ru overlay shown
+ sleep 2
+ shot 31-en-to-ru
+ adb exec-out screencap -p
+ tap_ui 'Close translation'
+ dismiss_dialogs
+ adb shell uiautomator dump /sdcard/ui.xml
+ adb pull /sdcard/ui.xml /tmp/ui.xml
+ grep -q 't responding' /tmp/ui.xml
++ applog
++ adb logcat -d -s ScreenTranslate:D
++ grep 'UI_BOUNDS Close translation '
++ tail -1
++ awk '{print $(NF-1), $NF}'
+ xy='292 2143'
+ '[' -n '292 2143' ']'
+ adb shell input tap 292 2143
+ echo 'tapped ui '\''Close translation'\'' at 292 2143'
tapped ui 'Close translation' at 292 2143
+ return 0
+ sleep 2
+ adb shell settings put system accelerometer_rotation 0
+ adb shell settings put system user_rotation 1
+ sleep 6
+ shot 40-landscape
+ adb exec-out screencap -p
+ check 'rotation detected (landscape)' 'applog | grep -q '\''Screen size changed: 2400x1080'\'''
+ eval 'applog | grep -q '\''Screen size changed: 2400x1080'\'''
++ applog
++ adb logcat -d -s ScreenTranslate:D
++ grep -q 'Screen size changed: 2400x1080'
+ echo 'PASS: rotation detected (landscape)'
PASS: rotation detected (landscape)
++ shown_count
++ applog
++ adb logcat -d -s ScreenTranslate:D
++ grep -c 'Shown .* translated blocks'
+ n=2
+ tap_ui bubble
+ dismiss_dialogs
+ adb shell uiautomator dump /sdcard/ui.xml
+ adb pull /sdcard/ui.xml /tmp/ui.xml
+ grep -q 't responding' /tmp/ui.xml
++ applog
++ adb logcat -d -s ScreenTranslate:D
++ grep 'UI_BOUNDS bubble '
++ tail -1
++ awk '{print $(NF-1), $NF}'
+ xy='2305 451'
+ '[' -n '2305 451' ']'
+ adb shell input tap 2305 451
+ echo 'tapped ui '\''bubble'\'' at 2305 451'
tapped ui 'bubble' at 2305 451
+ return 0
+ check 'landscape overlay shown' 'wait_translation 2'
+ eval 'wait_translation 2'
++ wait_translation 2
+++ seq 1 75
++ for i in $(seq 1 75)
+++ shown_count
+++ applog
+++ adb logcat -d -s ScreenTranslate:D
+++ grep -c 'Shown .* translated blocks'
++ '[' 2 -gt 2 ']'
++ sleep 2
++ for i in $(seq 1 75)
+++ shown_count
+++ applog
+++ adb logcat -d -s ScreenTranslate:D
+++ grep -c 'Shown .* translated blocks'
++ '[' 3 -gt 2 ']'
++ return 0
+ echo 'PASS: landscape overlay shown'
PASS: landscape overlay shown
+ sleep 2
+ shot 41-landscape-translated
+ adb exec-out screencap -p
+ adb shell settings put system user_rotation 0
+ sleep 6
+ shot 42-back-portrait
+ adb exec-out screencap -p
+ check 'rotation detected (portrait)' 'applog | grep -q '\''Screen size changed: 1080x2400'\'''
+ eval 'applog | grep -q '\''Screen size changed: 1080x2400'\'''
++ grep -q 'Screen size changed: 1080x2400'
++ applog
++ adb logcat -d -s ScreenTranslate:D
+ echo 'PASS: rotation detected (portrait)'
PASS: rotation detected (portrait)
+ check 'overlay removed on rotation' true
+ eval true
++ true
+ echo 'PASS: overlay removed on rotation'
PASS: overlay removed on rotation
++ shown_count
++ applog
++ adb logcat -d -s ScreenTranslate:D
++ grep -c 'Shown .* translated blocks'
+ n=3
+ tap_ui bubble
+ dismiss_dialogs
+ adb shell uiautomator dump /sdcard/ui.xml
+ adb pull /sdcard/ui.xml /tmp/ui.xml
+ grep -q 't responding' /tmp/ui.xml
++ applog
++ adb logcat -d -s ScreenTranslate:D
++ grep 'UI_BOUNDS bubble '
++ tail -1
++ awk '{print $(NF-1), $NF}'
+ xy='985 913'
+ '[' -n '985 913' ']'
+ adb shell input tap 985 913
+ echo 'tapped ui '\''bubble'\'' at 985 913'
tapped ui 'bubble' at 985 913
+ return 0
+ check 'portrait overlay after rotation' 'wait_translation 3'
+ eval 'wait_translation 3'
++ wait_translation 3
+++ seq 1 75
++ for i in $(seq 1 75)
+++ shown_count
+++ applog
+++ adb logcat -d -s ScreenTranslate:D
+++ grep -c 'Shown .* translated blocks'
++ '[' 3 -gt 3 ']'
++ sleep 2
++ for i in $(seq 1 75)
+++ shown_count
+++ applog
+++ adb logcat -d -s ScreenTranslate:D
+++ grep -c 'Shown .* translated blocks'
++ '[' 4 -gt 3 ']'
++ return 0
+ echo 'PASS: portrait overlay after rotation'
PASS: portrait overlay after rotation
+ sleep 2
+ shot 43-portrait-translated
+ adb exec-out screencap -p
+ tap_ui 'Close translation'
+ dismiss_dialogs
+ adb shell uiautomator dump /sdcard/ui.xml
+ adb pull /sdcard/ui.xml /tmp/ui.xml
+ grep -q 't responding' /tmp/ui.xml
++ applog
++ adb logcat -d -s ScreenTranslate:D
++ grep 'UI_BOUNDS Close translation '
++ tail -1
++ awk '{print $(NF-1), $NF}'
+ xy='292 2143'
+ '[' -n '292 2143' ']'
+ adb shell input tap 292 2143
+ echo 'tapped ui '\''Close translation'\'' at 292 2143'
tapped ui 'Close translation' at 292 2143
+ return 0
+ sleep 2
+ adb shell am start -n com.screentranslate.app/.ui.MainActivity
Starting: Intent { cmp=com.screentranslate.app/.ui.MainActivity }
Warning: Activity not started, its current task has been brought to the front
+ sleep 4
+ tap_text 'STOP SCREEN TRANSLATOR'
+ dismiss_dialogs
+ adb shell uiautomator dump /sdcard/ui.xml
+ adb pull /sdcard/ui.xml /tmp/ui.xml
+ grep -q 't responding' /tmp/ui.xml
+ adb shell uiautomator dump /sdcard/ui.xml
+ adb pull /sdcard/ui.xml /tmp/ui.xml
++ python3 - 'STOP SCREEN TRANSLATOR'
+ xy='540 1082'
+ '[' -n '540 1082' ']'
+ adb shell input tap 540 1082
+ echo 'tapped '\''STOP SCREEN TRANSLATOR'\'' at 540 1082'
tapped 'STOP SCREEN TRANSLATOR' at 540 1082
+ return 0
+ sleep 4
+ shot 50-stopped
+ adb exec-out screencap -p
+ check 'service stopped' '! adb shell dumpsys activity services com.screentranslate.app | grep -q ServiceRecord'
+ eval '! adb shell dumpsys activity services com.screentranslate.app | grep -q ServiceRecord'
++ adb shell dumpsys activity services com.screentranslate.app
++ grep -q ServiceRecord
+ echo 'PASS: service stopped'
PASS: service stopped
+ check 'app process alive (no crash)' 'adb shell pidof com.screentranslate.app >/dev/null'
+ eval 'adb shell pidof com.screentranslate.app >/dev/null'
++ adb shell pidof com.screentranslate.app
+ echo 'PASS: app process alive (no crash)'
PASS: app process alive (no crash)
+ applog
+ adb logcat -d -s ScreenTranslate:D
+ adb logcat -d -b crash
+ check 'no crash logged' '! grep -q com.screentranslate.app ci-output/emulator/crash.txt'
+ eval '! grep -q com.screentranslate.app ci-output/emulator/crash.txt'
++ grep -q com.screentranslate.app ci-output/emulator/crash.txt
+ echo 'PASS: no crash logged'
PASS: no crash logged
+ kill 3525
+ echo 'FAILURES: 4'
FAILURES: 4
+ echo 4
+ exit 0
